<?xml version="1.0" encoding="ISO-8859-1" ?>
<link_info>
   <banner>TI ARM Linker PC v20.2.2.LTS</banner>
   <copyright>Copyright (c) 1996-2018 Texas Instruments Incorporated</copyright>
   <link_time>0x6084f25b</link_time>
   <link_errors>0x0</link_errors>
   <output_file>gpiointerrupt_CC3220S_LAUNCHXL_nortos_ccs.out</output_file>
   <entry_point>
      <name>resetISR</name>
      <address>0x20011f81</address>
   </entry_point>
   <input_file_list>
      <input_file id="fl-2">
         <path>.\</path>
         <kind>object</kind>
         <file>gpiointerrupt.obj</file>
         <name>gpiointerrupt.obj</name>
      </input_file>
      <input_file id="fl-3">
         <path>.\syscfg\</path>
         <kind>object</kind>
         <file>ti_drivers_config.obj</file>
         <name>ti_drivers_config.obj</name>
      </input_file>
      <input_file id="fl-4">
         <path>.\</path>
         <kind>object</kind>
         <file>main_nortos.obj</file>
         <name>main_nortos.obj</name>
      </input_file>
      <input_file id="fl-d">
         <kind>object</kind>
         <file>&lt;internal&gt;</file>
         <name>&lt;internal&gt;</name>
      </input_file>
      <input_file id="fl-e">
         <path>C:\ti\simplelink_cc32xx_sdk_5_10_00_02\source\ti\drivers\lib\ccs\m4\</path>
         <kind>archive</kind>
         <file>drivers_cc32xx.a</file>
         <name>I2C.oem4</name>
      </input_file>
      <input_file id="fl-f">
         <path>C:\ti\simplelink_cc32xx_sdk_5_10_00_02\source\ti\drivers\lib\ccs\m4\</path>
         <kind>archive</kind>
         <file>drivers_cc32xx.a</file>
         <name>Timer.oem4</name>
      </input_file>
      <input_file id="fl-10">
         <path>C:\ti\simplelink_cc32xx_sdk_5_10_00_02\source\ti\drivers\lib\ccs\m4\</path>
         <kind>archive</kind>
         <file>drivers_cc32xx.a</file>
         <name>UART.oem4</name>
      </input_file>
      <input_file id="fl-11">
         <path>C:\ti\simplelink_cc32xx_sdk_5_10_00_02\source\ti\drivers\lib\ccs\m4\</path>
         <kind>archive</kind>
         <file>drivers_cc32xx.a</file>
         <name>GPIOCC32XX.oem4</name>
      </input_file>
      <input_file id="fl-12">
         <path>C:\ti\simplelink_cc32xx_sdk_5_10_00_02\source\ti\drivers\lib\ccs\m4\</path>
         <kind>archive</kind>
         <file>drivers_cc32xx.a</file>
         <name>I2CCC32XX.oem4</name>
      </input_file>
      <input_file id="fl-13">
         <path>C:\ti\simplelink_cc32xx_sdk_5_10_00_02\source\ti\drivers\lib\ccs\m4\</path>
         <kind>archive</kind>
         <file>drivers_cc32xx.a</file>
         <name>PowerCC32XX.oem4</name>
      </input_file>
      <input_file id="fl-14">
         <path>C:\ti\simplelink_cc32xx_sdk_5_10_00_02\source\ti\drivers\lib\ccs\m4\</path>
         <kind>archive</kind>
         <file>drivers_cc32xx.a</file>
         <name>PowerCC32XX_asm.oem4</name>
      </input_file>
      <input_file id="fl-15">
         <path>C:\ti\simplelink_cc32xx_sdk_5_10_00_02\source\ti\drivers\lib\ccs\m4\</path>
         <kind>archive</kind>
         <file>drivers_cc32xx.a</file>
         <name>TimerCC32XX.oem4</name>
      </input_file>
      <input_file id="fl-16">
         <path>C:\ti\simplelink_cc32xx_sdk_5_10_00_02\source\ti\drivers\lib\ccs\m4\</path>
         <kind>archive</kind>
         <file>drivers_cc32xx.a</file>
         <name>UARTCC32XX.oem4</name>
      </input_file>
      <input_file id="fl-17">
         <path>C:\ti\simplelink_cc32xx_sdk_5_10_00_02\source\ti\drivers\lib\ccs\m4\</path>
         <kind>archive</kind>
         <file>drivers_cc32xx.a</file>
         <name>List.oem4</name>
      </input_file>
      <input_file id="fl-18">
         <path>C:\ti\simplelink_cc32xx_sdk_5_10_00_02\source\ti\drivers\lib\ccs\m4\</path>
         <kind>archive</kind>
         <file>drivers_cc32xx.a</file>
         <name>RingBuf.oem4</name>
      </input_file>
      <input_file id="fl-19">
         <path>C:\ti\simplelink_cc32xx_sdk_5_10_00_02\kernel\nortos\lib\ccs\m4\</path>
         <kind>archive</kind>
         <file>nortos_cc32xx.a</file>
         <name>NoRTOS.oem4</name>
      </input_file>
      <input_file id="fl-1a">
         <path>C:\ti\simplelink_cc32xx_sdk_5_10_00_02\kernel\nortos\lib\ccs\m4\</path>
         <kind>archive</kind>
         <file>nortos_cc32xx.a</file>
         <name>SemaphoreP_nortos.oem4</name>
      </input_file>
      <input_file id="fl-1b">
         <path>C:\ti\simplelink_cc32xx_sdk_5_10_00_02\kernel\nortos\lib\ccs\m4\</path>
         <kind>archive</kind>
         <file>nortos_cc32xx.a</file>
         <name>ClockPSysTick_nortos.oem4</name>
      </input_file>
      <input_file id="fl-1c">
         <path>C:\ti\simplelink_cc32xx_sdk_5_10_00_02\kernel\nortos\lib\ccs\m4\</path>
         <kind>archive</kind>
         <file>nortos_cc32xx.a</file>
         <name>HwiPCC32XX_nortos.oem4</name>
      </input_file>
      <input_file id="fl-1d">
         <path>C:\ti\simplelink_cc32xx_sdk_5_10_00_02\kernel\nortos\lib\ccs\m4\</path>
         <kind>archive</kind>
         <file>nortos_cc32xx.a</file>
         <name>PowerCC32XX_nortos.oem4</name>
      </input_file>
      <input_file id="fl-1e">
         <path>C:\ti\simplelink_cc32xx_sdk_5_10_00_02\kernel\nortos\lib\ccs\m4\</path>
         <kind>archive</kind>
         <file>nortos_cc32xx.a</file>
         <name>startup_cc32xx_ccs.oem4</name>
      </input_file>
      <input_file id="fl-1f">
         <path>C:\ti\simplelink_cc32xx_sdk_5_10_00_02\kernel\nortos\lib\ccs\m4\</path>
         <kind>archive</kind>
         <file>nortos_cc32xx.a</file>
         <name>SwiP_nortos.oem4</name>
      </input_file>
      <input_file id="fl-20">
         <path>C:\ti\simplelink_cc32xx_sdk_5_10_00_02\kernel\nortos\lib\ccs\m4\</path>
         <kind>archive</kind>
         <file>nortos_cc32xx.a</file>
         <name>QueueP_nortos.oem4</name>
      </input_file>
      <input_file id="fl-21">
         <path>C:\ti\simplelink_cc32xx_sdk_5_10_00_02\source\ti\devices\cc32xx\driverlib\ccs\Release\</path>
         <kind>archive</kind>
         <file>driverlib.a</file>
         <name>cpu.obj</name>
      </input_file>
      <input_file id="fl-22">
         <path>C:\ti\simplelink_cc32xx_sdk_5_10_00_02\source\ti\devices\cc32xx\driverlib\ccs\Release\</path>
         <kind>archive</kind>
         <file>driverlib.a</file>
         <name>i2c.obj</name>
      </input_file>
      <input_file id="fl-23">
         <path>C:\ti\simplelink_cc32xx_sdk_5_10_00_02\source\ti\devices\cc32xx\driverlib\ccs\Release\</path>
         <kind>archive</kind>
         <file>driverlib.a</file>
         <name>interrupt.obj</name>
      </input_file>
      <input_file id="fl-24">
         <path>C:\ti\simplelink_cc32xx_sdk_5_10_00_02\source\ti\devices\cc32xx\driverlib\ccs\Release\</path>
         <kind>archive</kind>
         <file>driverlib.a</file>
         <name>pin.obj</name>
      </input_file>
      <input_file id="fl-25">
         <path>C:\ti\simplelink_cc32xx_sdk_5_10_00_02\source\ti\devices\cc32xx\driverlib\ccs\Release\</path>
         <kind>archive</kind>
         <file>driverlib.a</file>
         <name>prcm.obj</name>
      </input_file>
      <input_file id="fl-26">
         <path>C:\ti\simplelink_cc32xx_sdk_5_10_00_02\source\ti\devices\cc32xx\driverlib\ccs\Release\</path>
         <kind>archive</kind>
         <file>driverlib.a</file>
         <name>timer.obj</name>
      </input_file>
      <input_file id="fl-27">
         <path>C:\ti\simplelink_cc32xx_sdk_5_10_00_02\source\ti\devices\cc32xx\driverlib\ccs\Release\</path>
         <kind>archive</kind>
         <file>driverlib.a</file>
         <name>uart.obj</name>
      </input_file>
      <input_file id="fl-28">
         <path>C:\ti\simplelink_cc32xx_sdk_5_10_00_02\source\ti\devices\cc32xx\driverlib\ccs\Release\</path>
         <kind>archive</kind>
         <file>driverlib.a</file>
         <name>utils.obj</name>
      </input_file>
      <input_file id="fl-29">
         <path>C:\ti\simplelink_cc32xx_sdk_5_10_00_02\source\ti\devices\cc32xx\driverlib\ccs\Release\</path>
         <kind>archive</kind>
         <file>driverlib.a</file>
         <name>flash.obj</name>
      </input_file>
      <input_file id="fl-df">
         <path>C:\ti\ccs1020\ccs\tools\compiler\ti-cgt-arm_20.2.2.LTS\lib\</path>
         <kind>archive</kind>
         <file>rtsv7M4_T_le_eabi.lib</file>
         <name>snprintf.c.obj</name>
      </input_file>
      <input_file id="fl-e0">
         <path>C:\ti\ccs1020\ccs\tools\compiler\ti-cgt-arm_20.2.2.LTS\lib\</path>
         <kind>archive</kind>
         <file>rtsv7M4_T_le_eabi.lib</file>
         <name>fs_mul_t2.asm.obj</name>
      </input_file>
      <input_file id="fl-e1">
         <path>C:\ti\ccs1020\ccs\tools\compiler\ti-cgt-arm_20.2.2.LTS\lib\</path>
         <kind>archive</kind>
         <file>rtsv7M4_T_le_eabi.lib</file>
         <name>fs_toi_t2.asm.obj</name>
      </input_file>
      <input_file id="fl-e2">
         <path>C:\ti\ccs1020\ccs\tools\compiler\ti-cgt-arm_20.2.2.LTS\lib\</path>
         <kind>archive</kind>
         <file>rtsv7M4_T_le_eabi.lib</file>
         <name>i_tofs_t2.asm.obj</name>
      </input_file>
      <input_file id="fl-e3">
         <path>C:\ti\ccs1020\ccs\tools\compiler\ti-cgt-arm_20.2.2.LTS\lib\</path>
         <kind>archive</kind>
         <file>rtsv7M4_T_le_eabi.lib</file>
         <name>ll_mul_t2.asm.obj</name>
      </input_file>
      <input_file id="fl-e4">
         <path>C:\ti\ccs1020\ccs\tools\compiler\ti-cgt-arm_20.2.2.LTS\lib\</path>
         <kind>archive</kind>
         <file>rtsv7M4_T_le_eabi.lib</file>
         <name>memcpy_t2.asm.obj</name>
      </input_file>
      <input_file id="fl-e5">
         <path>C:\ti\ccs1020\ccs\tools\compiler\ti-cgt-arm_20.2.2.LTS\lib\</path>
         <kind>archive</kind>
         <file>rtsv7M4_T_le_eabi.lib</file>
         <name>ull_div_t2.asm.obj</name>
      </input_file>
      <input_file id="fl-e6">
         <path>C:\ti\ccs1020\ccs\tools\compiler\ti-cgt-arm_20.2.2.LTS\lib\</path>
         <kind>archive</kind>
         <file>rtsv7M4_T_le_eabi.lib</file>
         <name>copy_zero_init.c.obj</name>
      </input_file>
      <input_file id="fl-e7">
         <path>C:\ti\ccs1020\ccs\tools\compiler\ti-cgt-arm_20.2.2.LTS\lib\</path>
         <kind>archive</kind>
         <file>rtsv7M4_T_le_eabi.lib</file>
         <name>copy_decompress_none.c.obj</name>
      </input_file>
      <input_file id="fl-e8">
         <path>C:\ti\ccs1020\ccs\tools\compiler\ti-cgt-arm_20.2.2.LTS\lib\</path>
         <kind>archive</kind>
         <file>rtsv7M4_T_le_eabi.lib</file>
         <name>copy_decompress_lzss.c.obj</name>
      </input_file>
      <input_file id="fl-e9">
         <path>C:\ti\ccs1020\ccs\tools\compiler\ti-cgt-arm_20.2.2.LTS\lib\</path>
         <kind>archive</kind>
         <file>rtsv7M4_T_le_eabi.lib</file>
         <name>memory.c.obj</name>
      </input_file>
      <input_file id="fl-ea">
         <path>C:\ti\ccs1020\ccs\tools\compiler\ti-cgt-arm_20.2.2.LTS\lib\</path>
         <kind>archive</kind>
         <file>rtsv7M4_T_le_eabi.lib</file>
         <name>boot_cortex_m.c.obj</name>
      </input_file>
      <input_file id="fl-eb">
         <path>C:\ti\ccs1020\ccs\tools\compiler\ti-cgt-arm_20.2.2.LTS\lib\</path>
         <kind>archive</kind>
         <file>rtsv7M4_T_le_eabi.lib</file>
         <name>_printfi.c.obj</name>
      </input_file>
      <input_file id="fl-ec">
         <path>C:\ti\ccs1020\ccs\tools\compiler\ti-cgt-arm_20.2.2.LTS\lib\</path>
         <kind>archive</kind>
         <file>rtsv7M4_T_le_eabi.lib</file>
         <name>div0.asm.obj</name>
      </input_file>
      <input_file id="fl-ed">
         <path>C:\ti\ccs1020\ccs\tools\compiler\ti-cgt-arm_20.2.2.LTS\lib\</path>
         <kind>archive</kind>
         <file>rtsv7M4_T_le_eabi.lib</file>
         <name>fd_add_t2.asm.obj</name>
      </input_file>
      <input_file id="fl-ee">
         <path>C:\ti\ccs1020\ccs\tools\compiler\ti-cgt-arm_20.2.2.LTS\lib\</path>
         <kind>archive</kind>
         <file>rtsv7M4_T_le_eabi.lib</file>
         <name>fd_cmp_t2.asm.obj</name>
      </input_file>
      <input_file id="fl-ef">
         <path>C:\ti\ccs1020\ccs\tools\compiler\ti-cgt-arm_20.2.2.LTS\lib\</path>
         <kind>archive</kind>
         <file>rtsv7M4_T_le_eabi.lib</file>
         <name>fd_div_t2.asm.obj</name>
      </input_file>
      <input_file id="fl-f0">
         <path>C:\ti\ccs1020\ccs\tools\compiler\ti-cgt-arm_20.2.2.LTS\lib\</path>
         <kind>archive</kind>
         <file>rtsv7M4_T_le_eabi.lib</file>
         <name>fd_mul_t2.asm.obj</name>
      </input_file>
      <input_file id="fl-f1">
         <path>C:\ti\ccs1020\ccs\tools\compiler\ti-cgt-arm_20.2.2.LTS\lib\</path>
         <kind>archive</kind>
         <file>rtsv7M4_T_le_eabi.lib</file>
         <name>fd_toi_t2.asm.obj</name>
      </input_file>
      <input_file id="fl-f2">
         <path>C:\ti\ccs1020\ccs\tools\compiler\ti-cgt-arm_20.2.2.LTS\lib\</path>
         <kind>archive</kind>
         <file>rtsv7M4_T_le_eabi.lib</file>
         <name>i_tofd_t2.asm.obj</name>
      </input_file>
      <input_file id="fl-f3">
         <path>C:\ti\ccs1020\ccs\tools\compiler\ti-cgt-arm_20.2.2.LTS\lib\</path>
         <kind>archive</kind>
         <file>rtsv7M4_T_le_eabi.lib</file>
         <name>memset_t2.asm.obj</name>
      </input_file>
      <input_file id="fl-f4">
         <path>C:\ti\ccs1020\ccs\tools\compiler\ti-cgt-arm_20.2.2.LTS\lib\</path>
         <kind>archive</kind>
         <file>rtsv7M4_T_le_eabi.lib</file>
         <name>autoinit.c.obj</name>
      </input_file>
      <input_file id="fl-f5">
         <path>C:\ti\ccs1020\ccs\tools\compiler\ti-cgt-arm_20.2.2.LTS\lib\</path>
         <kind>archive</kind>
         <file>rtsv7M4_T_le_eabi.lib</file>
         <name>pre_init.c.obj</name>
      </input_file>
      <input_file id="fl-f6">
         <path>C:\ti\ccs1020\ccs\tools\compiler\ti-cgt-arm_20.2.2.LTS\lib\</path>
         <kind>archive</kind>
         <file>rtsv7M4_T_le_eabi.lib</file>
         <name>cpy_tbl.c.obj</name>
      </input_file>
      <input_file id="fl-f7">
         <path>C:\ti\ccs1020\ccs\tools\compiler\ti-cgt-arm_20.2.2.LTS\lib\</path>
         <kind>archive</kind>
         <file>rtsv7M4_T_le_eabi.lib</file>
         <name>exit.c.obj</name>
      </input_file>
      <input_file id="fl-f8">
         <path>C:\ti\ccs1020\ccs\tools\compiler\ti-cgt-arm_20.2.2.LTS\lib\</path>
         <kind>archive</kind>
         <file>rtsv7M4_T_le_eabi.lib</file>
         <name>_lock.c.obj</name>
      </input_file>
      <input_file id="fl-f9">
         <path>C:\ti\ccs1020\ccs\tools\compiler\ti-cgt-arm_20.2.2.LTS\lib\</path>
         <kind>archive</kind>
         <file>rtsv7M4_T_le_eabi.lib</file>
         <name>_ltoa.c.obj</name>
      </input_file>
      <input_file id="fl-fa">
         <path>C:\ti\ccs1020\ccs\tools\compiler\ti-cgt-arm_20.2.2.LTS\lib\</path>
         <kind>archive</kind>
         <file>rtsv7M4_T_le_eabi.lib</file>
         <name>args_main.c.obj</name>
      </input_file>
      <input_file id="fl-fb">
         <path>C:\ti\ccs1020\ccs\tools\compiler\ti-cgt-arm_20.2.2.LTS\lib\</path>
         <kind>archive</kind>
         <file>rtsv7M4_T_le_eabi.lib</file>
         <name>atoi.c.obj</name>
      </input_file>
      <input_file id="fl-fc">
         <path>C:\ti\ccs1020\ccs\tools\compiler\ti-cgt-arm_20.2.2.LTS\lib\</path>
         <kind>archive</kind>
         <file>rtsv7M4_T_le_eabi.lib</file>
         <name>ctype.c.obj</name>
      </input_file>
      <input_file id="fl-fd">
         <path>C:\ti\ccs1020\ccs\tools\compiler\ti-cgt-arm_20.2.2.LTS\lib\</path>
         <kind>archive</kind>
         <file>rtsv7M4_T_le_eabi.lib</file>
         <name>memccpy.c.obj</name>
      </input_file>
      <input_file id="fl-fe">
         <path>C:\ti\ccs1020\ccs\tools\compiler\ti-cgt-arm_20.2.2.LTS\lib\</path>
         <kind>archive</kind>
         <file>rtsv7M4_T_le_eabi.lib</file>
         <name>strchr.c.obj</name>
      </input_file>
      <input_file id="fl-ff">
         <path>C:\ti\ccs1020\ccs\tools\compiler\ti-cgt-arm_20.2.2.LTS\lib\</path>
         <kind>archive</kind>
         <file>rtsv7M4_T_le_eabi.lib</file>
         <name>strlen.c.obj</name>
      </input_file>
      <input_file id="fl-100">
         <path>C:\ti\ccs1020\ccs\tools\compiler\ti-cgt-arm_20.2.2.LTS\lib\</path>
         <kind>archive</kind>
         <file>rtsv7M4_T_le_eabi.lib</file>
         <name>errno.c.obj</name>
      </input_file>
      <input_file id="fl-101">
         <path>C:\ti\ccs1020\ccs\tools\compiler\ti-cgt-arm_20.2.2.LTS\lib\</path>
         <kind>archive</kind>
         <file>rtsv7M4_T_le_eabi.lib</file>
         <name>s_frexp.c.obj</name>
      </input_file>
      <input_file id="fl-102">
         <path>C:\ti\ccs1020\ccs\tools\compiler\ti-cgt-arm_20.2.2.LTS\lib\</path>
         <kind>archive</kind>
         <file>rtsv7M4_T_le_eabi.lib</file>
         <name>s_scalbn.c.obj</name>
      </input_file>
      <input_file id="fl-103">
         <path>C:\ti\ccs1020\ccs\tools\compiler\ti-cgt-arm_20.2.2.LTS\lib\</path>
         <kind>archive</kind>
         <file>rtsv7M4_T_le_eabi.lib</file>
         <name>wcslen.c.obj</name>
      </input_file>
      <input_file id="fl-104">
         <path>C:\ti\ccs1020\ccs\tools\compiler\ti-cgt-arm_20.2.2.LTS\lib\</path>
         <kind>archive</kind>
         <file>rtsv7M4_T_le_eabi.lib</file>
         <name>s_copysign.c.obj</name>
      </input_file>
   </input_file_list>
   <object_component_list>
      <object_component id="oc-3a7">
         <name>.text:__TI_printfi</name>
         <load_address>0x2000c040</load_address>
         <run_address>0x2000c040</run_address>
         <size>0xa4e</size>
         <input_file_ref idref="fl-eb"/>
      </object_component>
      <object_component id="oc-1de">
         <name>.text:Board_initHook</name>
         <load_address>0x2000ca8e</load_address>
         <run_address>0x2000ca8e</run_address>
         <size>0x2</size>
         <input_file_ref idref="fl-3"/>
      </object_component>
      <object_component id="oc-1d2">
         <name>.text:PRCMCC3200MCUInit</name>
         <load_address>0x2000ca90</load_address>
         <run_address>0x2000ca90</run_address>
         <size>0x42c</size>
         <input_file_ref idref="fl-25"/>
      </object_component>
      <object_component id="oc-82b">
         <name>.text:UARTCC32XX_open</name>
         <load_address>0x2000cebc</load_address>
         <run_address>0x2000cebc</run_address>
         <size>0x288</size>
         <input_file_ref idref="fl-16"/>
      </object_component>
      <object_component id="oc-55d">
         <name>.text:_pconv_a</name>
         <load_address>0x2000d144</load_address>
         <run_address>0x2000d144</run_address>
         <size>0x268</size>
         <input_file_ref idref="fl-eb"/>
      </object_component>
      <object_component id="oc-1f2">
         <name>.text:initI2C</name>
         <load_address>0x2000d3ac</load_address>
         <run_address>0x2000d3ac</run_address>
         <size>0x250</size>
         <input_file_ref idref="fl-2"/>
      </object_component>
      <object_component id="oc-1fe">
         <name>.text:GPIO_setConfig</name>
         <load_address>0x2000d5fc</load_address>
         <run_address>0x2000d5fc</run_address>
         <size>0x1e4</size>
         <input_file_ref idref="fl-11"/>
      </object_component>
      <object_component id="oc-54b">
         <name>.text:_pconv_g</name>
         <load_address>0x2000d7e0</load_address>
         <run_address>0x2000d7e0</run_address>
         <size>0x1cc</size>
         <input_file_ref idref="fl-eb"/>
      </object_component>
      <object_component id="oc-75c">
         <name>.text</name>
         <load_address>0x2000d9ac</load_address>
         <run_address>0x2000d9ac</run_address>
         <size>0x1b6</size>
         <input_file_ref idref="fl-ed"/>
      </object_component>
      <object_component id="oc-31c">
         <name>.text:I2C_init</name>
         <load_address>0x2000db62</load_address>
         <run_address>0x2000db62</run_address>
         <size>0x2</size>
         <input_file_ref idref="fl-e"/>
      </object_component>
      <object_component id="oc-40b">
         <name>.text:PowerCC32XX_sleepPolicy</name>
         <load_address>0x2000db64</load_address>
         <run_address>0x2000db64</run_address>
         <size>0x19c</size>
         <input_file_ref idref="fl-1d"/>
      </object_component>
      <object_component id="oc-15f">
         <name>.text:mainThread</name>
         <load_address>0x2000dd00</load_address>
         <run_address>0x2000dd00</run_address>
         <size>0x19c</size>
         <input_file_ref idref="fl-2"/>
      </object_component>
      <object_component id="oc-4b7">
         <name>.text:I2CCC32XX_hwiFxn</name>
         <load_address>0x2000de9c</load_address>
         <run_address>0x2000de9c</run_address>
         <size>0x148</size>
         <input_file_ref idref="fl-12"/>
      </object_component>
      <object_component id="oc-7cc">
         <name>.text:parkPins</name>
         <load_address>0x2000dfe4</load_address>
         <run_address>0x2000dfe4</run_address>
         <size>0x148</size>
         <input_file_ref idref="fl-13"/>
      </object_component>
      <object_component id="oc-557">
         <name>.text:_pconv_e</name>
         <load_address>0x2000e12c</load_address>
         <run_address>0x2000e12c</run_address>
         <size>0x13c</size>
         <input_file_ref idref="fl-eb"/>
      </object_component>
      <object_component id="oc-5d3">
         <name>.text:Power_sleep</name>
         <load_address>0x2000e268</load_address>
         <run_address>0x2000e268</run_address>
         <size>0x138</size>
         <input_file_ref idref="fl-13"/>
      </object_component>
      <object_component id="oc-348">
         <name>.text:Timer_open</name>
         <load_address>0x2000e3a0</load_address>
         <run_address>0x2000e3a0</run_address>
         <size>0x138</size>
         <input_file_ref idref="fl-15"/>
      </object_component>
      <object_component id="oc-742">
         <name>.text</name>
         <load_address>0x2000e4d8</load_address>
         <run_address>0x2000e4d8</run_address>
         <size>0x136</size>
         <input_file_ref idref="fl-ef"/>
      </object_component>
      <object_component id="oc-4c5">
         <name>.text:I2C_transferTimeout</name>
         <load_address>0x2000e60e</load_address>
         <run_address>0x2000e60e</run_address>
         <size>0x122</size>
         <input_file_ref idref="fl-e"/>
      </object_component>
      <object_component id="oc-819">
         <name>.text:UARTCC32XX_close</name>
         <load_address>0x2000e730</load_address>
         <run_address>0x2000e730</run_address>
         <size>0x120</size>
         <input_file_ref idref="fl-16"/>
      </object_component>
      <object_component id="oc-76e">
         <name>.text:fcvt</name>
         <load_address>0x2000e850</load_address>
         <run_address>0x2000e850</run_address>
         <size>0x120</size>
         <input_file_ref idref="fl-eb"/>
      </object_component>
      <object_component id="oc-216">
         <name>.text:readTemp</name>
         <load_address>0x2000e970</load_address>
         <run_address>0x2000e970</run_address>
         <size>0x120</size>
         <input_file_ref idref="fl-2"/>
      </object_component>
      <object_component id="oc-72d">
         <name>.text:aligned_alloc</name>
         <load_address>0x2000ea90</load_address>
         <run_address>0x2000ea90</run_address>
         <size>0x100</size>
         <input_file_ref idref="fl-e9"/>
      </object_component>
      <object_component id="oc-328">
         <name>.text:I2C_open</name>
         <load_address>0x2000eb90</load_address>
         <run_address>0x2000eb90</run_address>
         <size>0xfc</size>
         <input_file_ref idref="fl-12"/>
      </object_component>
      <object_component id="oc-73d">
         <name>.text</name>
         <load_address>0x2000ec8c</load_address>
         <run_address>0x2000ec8c</run_address>
         <size>0xfc</size>
         <input_file_ref idref="fl-f0"/>
      </object_component>
      <object_component id="oc-81f">
         <name>.text:UARTCC32XX_control</name>
         <load_address>0x2000ed88</load_address>
         <run_address>0x2000ed88</run_address>
         <size>0xf2</size>
         <input_file_ref idref="fl-16"/>
      </object_component>
      <object_component id="oc-405">
         <name>.text:PowerCC32XX_initPolicy</name>
         <load_address>0x2000ee7a</load_address>
         <run_address>0x2000ee7a</run_address>
         <size>0x2</size>
         <input_file_ref idref="fl-1d"/>
      </object_component>
      <object_component id="oc-427">
         <name>.text:free</name>
         <load_address>0x2000ee7c</load_address>
         <run_address>0x2000ee7c</run_address>
         <size>0xe4</size>
         <input_file_ref idref="fl-e9"/>
      </object_component>
      <object_component id="oc-782">
         <name>.text:scalbn</name>
         <load_address>0x2000ef60</load_address>
         <run_address>0x2000ef60</run_address>
         <size>0xd0</size>
         <input_file_ref idref="fl-102"/>
      </object_component>
      <object_component id="oc-843">
         <name>.text:UARTCC32XX_write</name>
         <load_address>0x2000f030</load_address>
         <run_address>0x2000f030</run_address>
         <size>0xca</size>
         <input_file_ref idref="fl-16"/>
      </object_component>
      <object_component id="oc-6e1">
         <name>.text:SemaphoreP_destruct</name>
         <load_address>0x2000f0fa</load_address>
         <run_address>0x2000f0fa</run_address>
         <size>0x2</size>
         <input_file_ref idref="fl-1a"/>
      </object_component>
      <object_component id="oc-1e6">
         <name>.text:GPIO_init</name>
         <load_address>0x2000f0fc</load_address>
         <run_address>0x2000f0fc</run_address>
         <size>0xc4</size>
         <input_file_ref idref="fl-11"/>
      </object_component>
      <object_component id="oc-7e9">
         <name>.text:restoreParkedPins</name>
         <load_address>0x2000f1c0</load_address>
         <run_address>0x2000f1c0</run_address>
         <size>0xc0</size>
         <input_file_ref idref="fl-13"/>
      </object_component>
      <object_component id="oc-837">
         <name>.text:UARTCC32XX_readPolling</name>
         <load_address>0x2000f280</load_address>
         <run_address>0x2000f280</run_address>
         <size>0xba</size>
         <input_file_ref idref="fl-16"/>
      </object_component>
      <object_component id="oc-33c">
         <name>.text:Timer_init</name>
         <load_address>0x2000f33a</load_address>
         <run_address>0x2000f33a</run_address>
         <size>0x2</size>
         <input_file_ref idref="fl-f"/>
      </object_component>
      <object_component id="oc-9ab">
         <name>.text:initHw</name>
         <load_address>0x2000f33c</load_address>
         <run_address>0x2000f33c</run_address>
         <size>0xb8</size>
         <input_file_ref idref="fl-16"/>
      </object_component>
      <object_component id="oc-a55">
         <name>.text:readTaskCallback</name>
         <load_address>0x2000f3f4</load_address>
         <run_address>0x2000f3f4</run_address>
         <size>0xb6</size>
         <input_file_ref idref="fl-16"/>
      </object_component>
      <object_component id="oc-68c">
         <name>.text:I2CCC32XX_completeTransfer</name>
         <load_address>0x2000f4aa</load_address>
         <run_address>0x2000f4aa</run_address>
         <size>0xb2</size>
         <input_file_ref idref="fl-12"/>
      </object_component>
      <object_component id="oc-540">
         <name>.text:_ltostr</name>
         <load_address>0x2000f55c</load_address>
         <run_address>0x2000f55c</run_address>
         <size>0xb1</size>
         <input_file_ref idref="fl-eb"/>
      </object_component>
      <object_component id="oc-a43">
         <name>.text:readTaskBlocking</name>
         <load_address>0x2000f60e</load_address>
         <run_address>0x2000f60e</run_address>
         <size>0xb0</size>
         <input_file_ref idref="fl-16"/>
      </object_component>
      <object_component id="oc-a49">
         <name>.text:readIsrTextBlocking</name>
         <load_address>0x2000f6be</load_address>
         <run_address>0x2000f6be</run_address>
         <size>0xae</size>
         <input_file_ref idref="fl-16"/>
      </object_component>
      <object_component id="oc-67a">
         <name>.text:I2CCC32XX_primeWriteBurst</name>
         <load_address>0x2000f76c</load_address>
         <run_address>0x2000f76c</run_address>
         <size>0xa8</size>
         <input_file_ref idref="fl-12"/>
      </object_component>
      <object_component id="oc-b5">
         <name>.text:IntEnable</name>
         <load_address>0x2000f814</load_address>
         <run_address>0x2000f814</run_address>
         <size>0xa8</size>
         <input_file_ref idref="fl-23"/>
      </object_component>
      <object_component id="oc-2bd">
         <name>.text:PowerCC32XX_configureWakeup</name>
         <load_address>0x2000f8bc</load_address>
         <run_address>0x2000f8bc</run_address>
         <size>0xa8</size>
         <input_file_ref idref="fl-13"/>
      </object_component>
      <object_component id="oc-a5b">
         <name>.text:readIsrTextCallback</name>
         <load_address>0x2000f964</load_address>
         <run_address>0x2000f964</run_address>
         <size>0xa2</size>
         <input_file_ref idref="fl-16"/>
      </object_component>
      <object_component id="oc-9e2">
         <name>.text:writeData</name>
         <load_address>0x2000fa06</load_address>
         <run_address>0x2000fa06</run_address>
         <size>0xa2</size>
         <input_file_ref idref="fl-16"/>
      </object_component>
      <object_component id="oc-2e3">
         <name>.text:SemaphoreP_pend</name>
         <load_address>0x2000faa8</load_address>
         <run_address>0x2000faa8</run_address>
         <size>0xa0</size>
         <input_file_ref idref="fl-1a"/>
      </object_component>
      <object_component id="oc-4a5">
         <name>.text:I2CCC32XX_initHw</name>
         <load_address>0x2000fb48</load_address>
         <run_address>0x2000fb48</run_address>
         <size>0x9c</size>
         <input_file_ref idref="fl-12"/>
      </object_component>
      <object_component id="oc-3b">
         <name>.text</name>
         <load_address>0x2000fbe4</load_address>
         <run_address>0x2000fbe4</run_address>
         <size>0x9c</size>
         <input_file_ref idref="fl-e4"/>
      </object_component>
      <object_component id="oc-2ff">
         <name>.text:powerNotifyFxn</name>
         <load_address>0x2000fc80</load_address>
         <run_address>0x2000fc80</run_address>
         <size>0x98</size>
         <input_file_ref idref="fl-11"/>
      </object_component>
      <object_component id="oc-5ce">
         <name>.text</name>
         <load_address>0x2000fd18</load_address>
         <run_address>0x2000fd18</run_address>
         <size>0x96</size>
         <input_file_ref idref="fl-e5"/>
      </object_component>
      <object_component id="oc-825">
         <name>.text:UARTCC32XX_init</name>
         <load_address>0x2000fdae</load_address>
         <run_address>0x2000fdae</run_address>
         <size>0x2</size>
         <input_file_ref idref="fl-16"/>
      </object_component>
      <object_component id="oc-7dd">
         <name>.text:restoreNVICRegs</name>
         <load_address>0x2000fdb0</load_address>
         <run_address>0x2000fdb0</run_address>
         <size>0x90</size>
         <input_file_ref idref="fl-13"/>
      </object_component>
      <object_component id="oc-499">
         <name>.text:HwiP_construct</name>
         <load_address>0x2000fe40</load_address>
         <run_address>0x2000fe40</run_address>
         <size>0x8c</size>
         <input_file_ref idref="fl-1c"/>
      </object_component>
      <object_component id="oc-966">
         <name>.text:IntPendSet</name>
         <load_address>0x2000fecc</load_address>
         <run_address>0x2000fecc</run_address>
         <size>0x88</size>
         <input_file_ref idref="fl-23"/>
      </object_component>
      <object_component id="oc-35c">
         <name>.text:PinConfigSet</name>
         <load_address>0x2000ff54</load_address>
         <run_address>0x2000ff54</run_address>
         <size>0x88</size>
         <input_file_ref idref="fl-24"/>
      </object_component>
      <object_component id="oc-546">
         <name>.text:__aeabi_cdcmple</name>
         <load_address>0x2000ffdc</load_address>
         <run_address>0x2000ffdc</run_address>
         <size>0x86</size>
         <input_file_ref idref="fl-ee"/>
      </object_component>
      <object_component id="oc-747">
         <name>.text:__aeabi_cdrcmple</name>
         <load_address>0x20010062</load_address>
         <run_address>0x20010062</run_address>
         <size>0x86</size>
         <input_file_ref idref="fl-ee"/>
      </object_component>
      <object_component id="oc-1d8">
         <name>.text:Power_init</name>
         <load_address>0x200100e8</load_address>
         <run_address>0x200100e8</run_address>
         <size>0x84</size>
         <input_file_ref idref="fl-13"/>
      </object_component>
      <object_component id="oc-7d2">
         <name>.text:saveNVICRegs</name>
         <load_address>0x2001016c</load_address>
         <run_address>0x2001016c</run_address>
         <size>0x84</size>
         <input_file_ref idref="fl-13"/>
      </object_component>
      <object_component id="oc-362">
         <name>.text:Power_setDependency</name>
         <load_address>0x200101f0</load_address>
         <run_address>0x200101f0</run_address>
         <size>0x80</size>
         <input_file_ref idref="fl-13"/>
      </object_component>
      <object_component id="oc-a3d">
         <name>.text:readIsrBinaryBlocking</name>
         <load_address>0x20010270</load_address>
         <run_address>0x20010270</run_address>
         <size>0x7c</size>
         <input_file_ref idref="fl-16"/>
      </object_component>
      <object_component id="oc-674">
         <name>.text:I2CCC32XX_primeReadBurst</name>
         <load_address>0x200102ec</load_address>
         <run_address>0x200102ec</run_address>
         <size>0x7a</size>
         <input_file_ref idref="fl-12"/>
      </object_component>
      <object_component id="oc-39c">
         <name>.text</name>
         <load_address>0x20010366</load_address>
         <run_address>0x20010366</run_address>
         <size>0x7a</size>
         <input_file_ref idref="fl-e0"/>
      </object_component>
      <object_component id="oc-9d">
         <name>.text</name>
         <load_address>0x200103e0</load_address>
         <run_address>0x200103e0</run_address>
         <size>0x7a</size>
         <input_file_ref idref="fl-f3"/>
      </object_component>
      <object_component id="oc-3d2">
         <name>.text:_nop</name>
         <load_address>0x2001045a</load_address>
         <run_address>0x2001045a</run_address>
         <size>0x2</size>
         <input_file_ref idref="fl-f8"/>
      </object_component>
      <object_component id="oc-386">
         <name>.text:GPIO_hwiIntFxn</name>
         <load_address>0x2001045c</load_address>
         <run_address>0x2001045c</run_address>
         <size>0x78</size>
         <input_file_ref idref="fl-11"/>
      </object_component>
      <object_component id="oc-a4f">
         <name>.text:readIsrBinaryCallback</name>
         <load_address>0x200104d4</load_address>
         <run_address>0x200104d4</run_address>
         <size>0x78</size>
         <input_file_ref idref="fl-16"/>
      </object_component>
      <object_component id="oc-9ba">
         <name>.text:UARTCC32XX_hwiIntFxn</name>
         <load_address>0x2001054c</load_address>
         <run_address>0x2001054c</run_address>
         <size>0x74</size>
         <input_file_ref idref="fl-16"/>
      </object_component>
      <object_component id="oc-8dd">
         <name>.text:split</name>
         <load_address>0x200105c0</load_address>
         <run_address>0x200105c0</run_address>
         <size>0x70</size>
         <input_file_ref idref="fl-e9"/>
      </object_component>
      <object_component id="oc-767">
         <name>.text:_mcpy</name>
         <load_address>0x20010630</load_address>
         <run_address>0x20010630</run_address>
         <size>0x6e</size>
         <input_file_ref idref="fl-eb"/>
      </object_component>
      <object_component id="oc-6a7">
         <name>.text:I2CSupport_primeTransfer</name>
         <load_address>0x2001069e</load_address>
         <run_address>0x2001069e</run_address>
         <size>0x6a</size>
         <input_file_ref idref="fl-12"/>
      </object_component>
      <object_component id="oc-14">
         <name>.text:decompress:lzss:__TI_decompress_lzss</name>
         <load_address>0x20010708</load_address>
         <run_address>0x20010708</run_address>
         <size>0x68</size>
         <input_file_ref idref="fl-e8"/>
      </object_component>
      <object_component id="oc-84f">
         <name>.text:UARTCC32XX_writeCancel</name>
         <load_address>0x20010770</load_address>
         <run_address>0x20010770</run_address>
         <size>0x66</size>
         <input_file_ref idref="fl-16"/>
      </object_component>
      <object_component id="oc-73">
         <name>.text:busFaultHandler</name>
         <load_address>0x200107d6</load_address>
         <run_address>0x200107d6</run_address>
         <size>0x2</size>
         <input_file_ref idref="fl-1e"/>
      </object_component>
      <object_component id="oc-476">
         <name>.text:PowerCC32XX_setParkState</name>
         <load_address>0x200107d8</load_address>
         <run_address>0x200107d8</run_address>
         <size>0x64</size>
         <input_file_ref idref="fl-13"/>
      </object_component>
      <object_component id="oc-849">
         <name>.text:UARTCC32XX_writePolling</name>
         <load_address>0x2001083c</load_address>
         <run_address>0x2001083c</run_address>
         <size>0x62</size>
         <input_file_ref idref="fl-16"/>
      </object_component>
      <object_component id="oc-44c">
         <name>.text:clkFxn</name>
         <load_address>0x2001089e</load_address>
         <run_address>0x2001089e</run_address>
         <size>0x2</size>
         <input_file_ref idref="fl-1a"/>
      </object_component>
      <object_component id="oc-28b">
         <name>.text:PRCMSysResetCauseGet</name>
         <load_address>0x200108a0</load_address>
         <run_address>0x200108a0</run_address>
         <size>0x60</size>
         <input_file_ref idref="fl-25"/>
      </object_component>
      <object_component id="oc-20a">
         <name>.text:GPIO_setCallback</name>
         <load_address>0x20010900</load_address>
         <run_address>0x20010900</run_address>
         <size>0x5c</size>
         <input_file_ref idref="fl-11"/>
      </object_component>
      <object_component id="oc-77c">
         <name>.text:frexp</name>
         <load_address>0x2001095c</load_address>
         <run_address>0x2001095c</run_address>
         <size>0x5c</size>
         <input_file_ref idref="fl-101"/>
      </object_component>
      <object_component id="oc-926">
         <name>.text:sysTickInit</name>
         <load_address>0x200109b8</load_address>
         <run_address>0x200109b8</run_address>
         <size>0x5c</size>
         <input_file_ref idref="fl-1b"/>
      </object_component>
      <object_component id="oc-204">
         <name>.text:GPIO_write</name>
         <load_address>0x20010a14</load_address>
         <run_address>0x20010a14</run_address>
         <size>0x58</size>
         <input_file_ref idref="fl-11"/>
      </object_component>
      <object_component id="oc-2a4">
         <name>.text:PRCMPeripheralReset</name>
         <load_address>0x20010a6c</load_address>
         <run_address>0x20010a6c</run_address>
         <size>0x58</size>
         <input_file_ref idref="fl-25"/>
      </object_component>
      <object_component id="oc-8cc">
         <name>.text:Power_releaseDependency</name>
         <load_address>0x20010ac4</load_address>
         <run_address>0x20010ac4</run_address>
         <size>0x58</size>
         <input_file_ref idref="fl-13"/>
      </object_component>
      <object_component id="oc-551">
         <name>.text:_pconv_f</name>
         <load_address>0x20010b1c</load_address>
         <run_address>0x20010b1c</run_address>
         <size>0x56</size>
         <input_file_ref idref="fl-eb"/>
      </object_component>
      <object_component id="oc-751">
         <name>.text:__TI_ltoa</name>
         <load_address>0x20010b72</load_address>
         <run_address>0x20010b72</run_address>
         <size>0x54</size>
         <input_file_ref idref="fl-f9"/>
      </object_component>
      <object_component id="oc-6d">
         <name>.text:defaultHandler</name>
         <load_address>0x20010bc6</load_address>
         <run_address>0x20010bc6</run_address>
         <size>0x2</size>
         <input_file_ref idref="fl-1e"/>
      </object_component>
      <object_component id="oc-1f8">
         <name>.text:initTimer</name>
         <load_address>0x20010bc8</load_address>
         <run_address>0x20010bc8</run_address>
         <size>0x54</size>
         <input_file_ref idref="fl-2"/>
      </object_component>
      <object_component id="oc-a98">
         <name>.text:ringBufGet</name>
         <load_address>0x20010c1c</load_address>
         <run_address>0x20010c1c</run_address>
         <size>0x54</size>
         <input_file_ref idref="fl-16"/>
      </object_component>
      <object_component id="oc-943">
         <name>.text:PowerCC32XX_resumeLPDS</name>
         <load_address>0x20010c70</load_address>
         <run_address>0x20010c70</run_address>
         <size>0x52</size>
         <input_file_ref idref="fl-14"/>
      </object_component>
      <object_component id="oc-761">
         <name>.text:_ecpy</name>
         <load_address>0x20010cc2</load_address>
         <run_address>0x20010cc2</run_address>
         <size>0x52</size>
         <input_file_ref idref="fl-eb"/>
      </object_component>
      <object_component id="oc-4ed">
         <name>.text:initHw</name>
         <load_address>0x20010d14</load_address>
         <run_address>0x20010d14</run_address>
         <size>0x52</size>
         <input_file_ref idref="fl-15"/>
      </object_component>
      <object_component id="oc-67">
         <name>.text:faultISR</name>
         <load_address>0x20010d66</load_address>
         <run_address>0x20010d66</run_address>
         <size>0x2</size>
         <input_file_ref idref="fl-1e"/>
      </object_component>
      <object_component id="oc-79">
         <name>.text:ClockP_sysTickHandler</name>
         <load_address>0x20010d68</load_address>
         <run_address>0x20010d68</run_address>
         <size>0x50</size>
         <input_file_ref idref="fl-1b"/>
      </object_component>
      <object_component id="oc-5f4">
         <name>.text:SemaphoreP_construct</name>
         <load_address>0x20010db8</load_address>
         <run_address>0x20010db8</run_address>
         <size>0x50</size>
         <input_file_ref idref="fl-1a"/>
      </object_component>
      <object_component id="oc-4d5">
         <name>.text:TimerCC32XX_allocateTimerResource</name>
         <load_address>0x20010e08</load_address>
         <run_address>0x20010e08</run_address>
         <size>0x50</size>
         <input_file_ref idref="fl-15"/>
      </object_component>
      <object_component id="oc-210">
         <name>.text:GPIO_enableInt</name>
         <load_address>0x20010e58</load_address>
         <run_address>0x20010e58</run_address>
         <size>0x4c</size>
         <input_file_ref idref="fl-11"/>
      </object_component>
      <object_component id="oc-668">
         <name>.text:I2CCC32XX_readRecieveFifo</name>
         <load_address>0x20010ea4</load_address>
         <run_address>0x20010ea4</run_address>
         <size>0x4c</size>
         <input_file_ref idref="fl-12"/>
      </object_component>
      <object_component id="oc-93a">
         <name>.text:PowerCC32XX_parkPin</name>
         <load_address>0x20010ef0</load_address>
         <run_address>0x20010ef0</run_address>
         <size>0x4c</size>
         <input_file_ref idref="fl-13"/>
      </object_component>
      <object_component id="oc-53a">
         <name>.text:atoi</name>
         <load_address>0x20010f3c</load_address>
         <run_address>0x20010f3c</run_address>
         <size>0x4c</size>
         <input_file_ref idref="fl-fb"/>
      </object_component>
      <object_component id="oc-7e3">
         <name>.text:restorePeriphClocks</name>
         <load_address>0x20010f88</load_address>
         <run_address>0x20010f88</run_address>
         <size>0x4c</size>
         <input_file_ref idref="fl-13"/>
      </object_component>
      <object_component id="oc-21c">
         <name>.text:snprintf</name>
         <load_address>0x20010fd4</load_address>
         <run_address>0x20010fd4</run_address>
         <size>0x4c</size>
         <input_file_ref idref="fl-df"/>
      </object_component>
      <object_component id="oc-95e">
         <name>.text:FlashDisable</name>
         <load_address>0x20011020</load_address>
         <run_address>0x20011020</run_address>
         <size>0x48</size>
         <input_file_ref idref="fl-29"/>
      </object_component>
      <object_component id="oc-7ef">
         <name>.text:PRCMLPDSEnter</name>
         <load_address>0x20011068</load_address>
         <run_address>0x20011068</run_address>
         <size>0x48</size>
         <input_file_ref idref="fl-25"/>
      </object_component>
      <object_component id="oc-29e">
         <name>.text:PRCMPeripheralClkEnable</name>
         <load_address>0x200110b0</load_address>
         <run_address>0x200110b0</run_address>
         <size>0x48</size>
         <input_file_ref idref="fl-25"/>
      </object_component>
      <object_component id="oc-88a">
         <name>.text:Power_releaseConstraint</name>
         <load_address>0x200110f8</load_address>
         <run_address>0x200110f8</run_address>
         <size>0x48</size>
         <input_file_ref idref="fl-13"/>
      </object_component>
      <object_component id="oc-74c">
         <name>.text</name>
         <load_address>0x20011140</load_address>
         <run_address>0x20011140</run_address>
         <size>0x48</size>
         <input_file_ref idref="fl-f1"/>
      </object_component>
      <object_component id="oc-a85">
         <name>.text:RingBuf_put</name>
         <load_address>0x20011188</load_address>
         <run_address>0x20011188</run_address>
         <size>0x46</size>
         <input_file_ref idref="fl-18"/>
      </object_component>
      <object_component id="oc-4e7">
         <name>.text:getPrescaler</name>
         <load_address>0x200111ce</load_address>
         <run_address>0x200111ce</run_address>
         <size>0x46</size>
         <input_file_ref idref="fl-15"/>
      </object_component>
      <object_component id="oc-61c">
         <name>.text:ClockP_stop</name>
         <load_address>0x20011214</load_address>
         <run_address>0x20011214</run_address>
         <size>0x44</size>
         <input_file_ref idref="fl-1b"/>
      </object_component>
      <object_component id="oc-948">
         <name>.text:PRCMLPDSRestoreInfoSet</name>
         <load_address>0x20011258</load_address>
         <run_address>0x20011258</run_address>
         <size>0x44</size>
         <input_file_ref idref="fl-25"/>
      </object_component>
      <object_component id="oc-7d8">
         <name>.text:PowerCC32XX_enterLPDS</name>
         <load_address>0x2001129c</load_address>
         <run_address>0x2001129c</run_address>
         <size>0x44</size>
         <input_file_ref idref="fl-14"/>
      </object_component>
      <object_component id="oc-2ef">
         <name>.text:SemaphoreP_post</name>
         <load_address>0x200112e0</load_address>
         <run_address>0x200112e0</run_address>
         <size>0x44</size>
         <input_file_ref idref="fl-1a"/>
      </object_component>
      <object_component id="oc-5e4">
         <name>.text:SwiP_restore</name>
         <load_address>0x20011324</load_address>
         <run_address>0x20011324</run_address>
         <size>0x44</size>
         <input_file_ref idref="fl-1f"/>
      </object_component>
      <object_component id="oc-34e">
         <name>.text:Timer_start</name>
         <load_address>0x20011368</load_address>
         <run_address>0x20011368</run_address>
         <size>0x44</size>
         <input_file_ref idref="fl-f"/>
      </object_component>
      <object_component id="oc-309">
         <name>.text:UART_init</name>
         <load_address>0x200113ac</load_address>
         <run_address>0x200113ac</run_address>
         <size>0x44</size>
         <input_file_ref idref="fl-10"/>
      </object_component>
      <object_component id="oc-172">
         <name>.text:__TI_auto_init_nobinit_nopinit:__TI_auto_init_nobinit_nopinit</name>
         <load_address>0x200113f0</load_address>
         <run_address>0x200113f0</run_address>
         <size>0x44</size>
         <input_file_ref idref="fl-f4"/>
      </object_component>
      <object_component id="oc-1ec">
         <name>.text:initUART</name>
         <load_address>0x20011434</load_address>
         <run_address>0x20011434</run_address>
         <size>0x44</size>
         <input_file_ref idref="fl-2"/>
      </object_component>
      <object_component id="oc-a2c">
         <name>.text:ClockP_construct</name>
         <load_address>0x20011478</load_address>
         <run_address>0x20011478</run_address>
         <size>0x40</size>
         <input_file_ref idref="fl-1b"/>
      </object_component>
      <object_component id="oc-2b6">
         <name>.text:PinModeSet</name>
         <load_address>0x200114b8</load_address>
         <run_address>0x200114b8</run_address>
         <size>0x40</size>
         <input_file_ref idref="fl-24"/>
      </object_component>
      <object_component id="oc-9d4">
         <name>.text:RingBuf_get</name>
         <load_address>0x200114f8</load_address>
         <run_address>0x200114f8</run_address>
         <size>0x40</size>
         <input_file_ref idref="fl-18"/>
      </object_component>
      <object_component id="oc-507">
         <name>.text:TimerSupport_timerEnable</name>
         <load_address>0x20011538</load_address>
         <run_address>0x20011538</run_address>
         <size>0x40</size>
         <input_file_ref idref="fl-15"/>
      </object_component>
      <object_component id="oc-4e1">
         <name>.text:Timer_close</name>
         <load_address>0x20011578</load_address>
         <run_address>0x20011578</run_address>
         <size>0x40</size>
         <input_file_ref idref="fl-15"/>
      </object_component>
      <object_component id="oc-831">
         <name>.text:UARTCC32XX_read</name>
         <load_address>0x200115b8</load_address>
         <run_address>0x200115b8</run_address>
         <size>0x40</size>
         <input_file_ref idref="fl-16"/>
      </object_component>
      <object_component id="oc-315">
         <name>.text:UART_open</name>
         <load_address>0x200115f8</load_address>
         <run_address>0x200115f8</run_address>
         <size>0x40</size>
         <input_file_ref idref="fl-10"/>
      </object_component>
      <object_component id="oc-774">
         <name>.text:_fcpy</name>
         <load_address>0x20011638</load_address>
         <run_address>0x20011638</run_address>
         <size>0x3e</size>
         <input_file_ref idref="fl-eb"/>
      </object_component>
      <object_component id="oc-61">
         <name>.text:nmiISR</name>
         <load_address>0x20011676</load_address>
         <run_address>0x20011676</run_address>
         <size>0x2</size>
         <input_file_ref idref="fl-1e"/>
      </object_component>
      <object_component id="oc-446">
         <name>.text:ClockP_destruct</name>
         <load_address>0x20011678</load_address>
         <run_address>0x20011678</run_address>
         <size>0x3c</size>
         <input_file_ref idref="fl-1b"/>
      </object_component>
      <object_component id="oc-720">
         <name>.text:Power_setConstraint</name>
         <load_address>0x200116b4</load_address>
         <run_address>0x200116b4</run_address>
         <size>0x3c</size>
         <input_file_ref idref="fl-13"/>
      </object_component>
      <object_component id="oc-5c8">
         <name>.text:getCountsRTC</name>
         <load_address>0x200116f0</load_address>
         <run_address>0x200116f0</run_address>
         <size>0x3a</size>
         <input_file_ref idref="fl-1d"/>
      </object_component>
      <object_component id="oc-7c0">
         <name>.text</name>
         <load_address>0x2001172a</load_address>
         <run_address>0x2001172a</run_address>
         <size>0x2</size>
         <input_file_ref idref="fl-ec"/>
      </object_component>
      <object_component id="oc-7f5">
         <name>.text:PRCMLPDSEnterKeepDebugIf</name>
         <load_address>0x2001172c</load_address>
         <run_address>0x2001172c</run_address>
         <size>0x38</size>
         <input_file_ref idref="fl-25"/>
      </object_component>
      <object_component id="oc-db">
         <name>.text:addToList</name>
         <load_address>0x20011764</load_address>
         <run_address>0x20011764</run_address>
         <size>0x38</size>
         <input_file_ref idref="fl-1b"/>
      </object_component>
      <object_component id="oc-59">
         <name>.text:initVectors</name>
         <load_address>0x2001179c</load_address>
         <run_address>0x2001179c</run_address>
         <size>0x38</size>
         <input_file_ref idref="fl-1e"/>
      </object_component>
      <object_component id="oc-7c6">
         <name>.text:notify</name>
         <load_address>0x200117d4</load_address>
         <run_address>0x200117d4</run_address>
         <size>0x38</size>
         <input_file_ref idref="fl-13"/>
      </object_component>
      <object_component id="oc-3a1">
         <name>.text</name>
         <load_address>0x2001180c</load_address>
         <run_address>0x2001180c</run_address>
         <size>0x38</size>
         <input_file_ref idref="fl-e1"/>
      </object_component>
      <object_component id="oc-397">
         <name>.text</name>
         <load_address>0x20011844</load_address>
         <run_address>0x20011844</run_address>
         <size>0x38</size>
         <input_file_ref idref="fl-e2"/>
      </object_component>
      <object_component id="oc-701">
         <name>.text:TimerControlStall</name>
         <load_address>0x2001187c</load_address>
         <run_address>0x2001187c</run_address>
         <size>0x36</size>
         <input_file_ref idref="fl-26"/>
      </object_component>
      <object_component id="oc-6cf">
         <name>.text:Timer_stop</name>
         <load_address>0x200118b2</load_address>
         <run_address>0x200118b2</run_address>
         <size>0x36</size>
         <input_file_ref idref="fl-f"/>
      </object_component>
      <object_component id="oc-83d">
         <name>.text:UARTCC32XX_readCancel</name>
         <load_address>0x200118e8</load_address>
         <run_address>0x200118e8</run_address>
         <size>0x36</size>
         <input_file_ref idref="fl-16"/>
      </object_component>
      <object_component id="oc-5b6">
         <name>.text:ClockP_getTicksUntilInterrupt</name>
         <load_address>0x20011920</load_address>
         <run_address>0x20011920</run_address>
         <size>0x34</size>
         <input_file_ref idref="fl-1b"/>
      </object_component>
      <object_component id="oc-7b7">
         <name>.text:ClockP_startup</name>
         <load_address>0x20011954</load_address>
         <run_address>0x20011954</run_address>
         <size>0x34</size>
         <input_file_ref idref="fl-1b"/>
      </object_component>
      <object_component id="oc-2b0">
         <name>.text:PinModeGet</name>
         <load_address>0x20011988</load_address>
         <run_address>0x20011988</run_address>
         <size>0x34</size>
         <input_file_ref idref="fl-24"/>
      </object_component>
      <object_component id="oc-978">
         <name>.text:PowerCC32XX_restoreParkState</name>
         <load_address>0x200119bc</load_address>
         <run_address>0x200119bc</run_address>
         <size>0x34</size>
         <input_file_ref idref="fl-13"/>
      </object_component>
      <object_component id="oc-6e7">
         <name>.text:TimerCC32XX_freeTimerResource</name>
         <load_address>0x200119f0</load_address>
         <run_address>0x200119f0</run_address>
         <size>0x34</size>
         <input_file_ref idref="fl-15"/>
      </object_component>
      <object_component id="oc-4ff">
         <name>.text:TimerCC32XX_hwiIntFunction</name>
         <load_address>0x20011a24</load_address>
         <run_address>0x20011a24</run_address>
         <size>0x34</size>
         <input_file_ref idref="fl-15"/>
      </object_component>
      <object_component id="oc-6c4">
         <name>.text:getPowerMgrId</name>
         <load_address>0x20011a58</load_address>
         <run_address>0x20011a58</run_address>
         <size>0x34</size>
         <input_file_ref idref="fl-15"/>
      </object_component>
      <object_component id="oc-434">
         <name>.text:ClockP_start</name>
         <load_address>0x20011a8c</load_address>
         <run_address>0x20011a8c</run_address>
         <size>0x30</size>
         <input_file_ref idref="fl-1b"/>
      </object_component>
      <object_component id="oc-957">
         <name>.text:PowerCC32XX_restoreParkedPin</name>
         <load_address>0x20011abc</load_address>
         <run_address>0x20011abc</run_address>
         <size>0x30</size>
         <input_file_ref idref="fl-13"/>
      </object_component>
      <object_component id="oc-3ad">
         <name>.text:_outs</name>
         <load_address>0x20011aec</load_address>
         <run_address>0x20011aec</run_address>
         <size>0x30</size>
         <input_file_ref idref="fl-df"/>
      </object_component>
      <object_component id="oc-757">
         <name>.text</name>
         <load_address>0x20011b1c</load_address>
         <run_address>0x20011b1c</run_address>
         <size>0x2e</size>
         <input_file_ref idref="fl-f2"/>
      </object_component>
      <object_component id="oc-999">
         <name>.text:PowerCC32XX_getParkState</name>
         <load_address>0x20011b4c</load_address>
         <run_address>0x20011b4c</run_address>
         <size>0x2c</size>
         <input_file_ref idref="fl-13"/>
      </object_component>
      <object_component id="oc-36e">
         <name>.text:HwiP_create</name>
         <load_address>0x20011b78</load_address>
         <run_address>0x20011b78</run_address>
         <size>0x2a</size>
         <input_file_ref idref="fl-1c"/>
      </object_component>
      <object_component id="oc-6fb">
         <name>.text:TimerLoadSet</name>
         <load_address>0x20011ba2</load_address>
         <run_address>0x20011ba2</run_address>
         <size>0x2a</size>
         <input_file_ref idref="fl-26"/>
      </object_component>
      <object_component id="oc-6f5">
         <name>.text:TimerPrescaleSet</name>
         <load_address>0x20011bcc</load_address>
         <run_address>0x20011bcc</run_address>
         <size>0x2a</size>
         <input_file_ref idref="fl-26"/>
      </object_component>
      <object_component id="oc-680">
         <name>.text:I2CFIFODataPutNonBlocking</name>
         <load_address>0x20011bf6</load_address>
         <run_address>0x20011bf6</run_address>
         <size>0x28</size>
         <input_file_ref idref="fl-22"/>
      </object_component>
      <object_component id="oc-2aa">
         <name>.text:PRCMPeripheralClkDisable</name>
         <load_address>0x20011c20</load_address>
         <run_address>0x20011c20</run_address>
         <size>0x28</size>
         <input_file_ref idref="fl-25"/>
      </object_component>
      <object_component id="oc-2e9">
         <name>.text:Power_registerNotify</name>
         <load_address>0x20011c48</load_address>
         <run_address>0x20011c48</run_address>
         <size>0x28</size>
         <input_file_ref idref="fl-13"/>
      </object_component>
      <object_component id="oc-614">
         <name>.text:free_list_insert</name>
         <load_address>0x20011c70</load_address>
         <run_address>0x20011c70</run_address>
         <size>0x28</size>
         <input_file_ref idref="fl-e9"/>
      </object_component>
      <object_component id="oc-866">
         <name>.text:I2CFIFODataGetNonBlocking</name>
         <load_address>0x20011c98</load_address>
         <run_address>0x20011c98</run_address>
         <size>0x26</size>
         <input_file_ref idref="fl-22"/>
      </object_component>
      <object_component id="oc-6b3">
         <name>.text:I2C_cancel</name>
         <load_address>0x20011cbe</load_address>
         <run_address>0x20011cbe</run_address>
         <size>0x26</size>
         <input_file_ref idref="fl-e"/>
      </object_component>
      <object_component id="oc-456">
         <name>.text:List_put</name>
         <load_address>0x20011ce4</load_address>
         <run_address>0x20011ce4</run_address>
         <size>0x26</size>
         <input_file_ref idref="fl-17"/>
      </object_component>
      <object_component id="oc-8bd">
         <name>.text:List_remove</name>
         <load_address>0x20011d0a</load_address>
         <run_address>0x20011d0a</run_address>
         <size>0x26</size>
         <input_file_ref idref="fl-17"/>
      </object_component>
      <object_component id="oc-647">
         <name>.text:HwiP_dispatch</name>
         <load_address>0x20011d30</load_address>
         <run_address>0x20011d30</run_address>
         <size>0x24</size>
         <input_file_ref idref="fl-1c"/>
      </object_component>
      <object_component id="oc-993">
         <name>.text:PowerCC32XX_reset</name>
         <load_address>0x20011d54</load_address>
         <run_address>0x20011d54</run_address>
         <size>0x24</size>
         <input_file_ref idref="fl-13"/>
      </object_component>
      <object_component id="oc-8b6">
         <name>.text:TimerSupport_timerDisable</name>
         <load_address>0x20011d78</load_address>
         <run_address>0x20011d78</run_address>
         <size>0x24</size>
         <input_file_ref idref="fl-15"/>
      </object_component>
      <object_component id="oc-c5">
         <name>.text:_c_int00_noargs:_c_int00_noargs</name>
         <load_address>0x20011d9c</load_address>
         <run_address>0x20011d9c</run_address>
         <size>0x24</size>
         <input_file_ref idref="fl-ea"/>
      </object_component>
      <object_component id="oc-86e">
         <name>.text:I2CMasterSlaveAddrSet</name>
         <load_address>0x20011dc0</load_address>
         <run_address>0x20011dc0</run_address>
         <size>0x22</size>
         <input_file_ref idref="fl-22"/>
      </object_component>
      <object_component id="oc-8c4">
         <name>.text:HwiP_destruct</name>
         <load_address>0x20011de2</load_address>
         <run_address>0x20011de2</run_address>
         <size>0x20</size>
         <input_file_ref idref="fl-1c"/>
      </object_component>
      <object_component id="oc-6d5">
         <name>.text:Power_unregisterNotify</name>
         <load_address>0x20011e04</load_address>
         <run_address>0x20011e04</run_address>
         <size>0x20</size>
         <input_file_ref idref="fl-13"/>
      </object_component>
      <object_component id="oc-97f">
         <name>.text:RingBuf_peek</name>
         <load_address>0x20011e24</load_address>
         <run_address>0x20011e24</run_address>
         <size>0x20</size>
         <input_file_ref idref="fl-18"/>
      </object_component>
      <object_component id="oc-98d">
         <name>.text:getPowerMgrId</name>
         <load_address>0x20011e44</load_address>
         <run_address>0x20011e44</run_address>
         <size>0x20</size>
         <input_file_ref idref="fl-16"/>
      </object_component>
      <object_component id="oc-65c">
         <name>.text:I2CMasterIntStatusEx</name>
         <load_address>0x20011e64</load_address>
         <run_address>0x20011e64</run_address>
         <size>0x1e</size>
         <input_file_ref idref="fl-22"/>
      </object_component>
      <object_component id="oc-49f">
         <name>.text:SemaphoreP_constructBinary</name>
         <load_address>0x20011e82</load_address>
         <run_address>0x20011e82</run_address>
         <size>0x1e</size>
         <input_file_ref idref="fl-1a"/>
      </object_component>
      <object_component id="oc-6ef">
         <name>.text:TimerDisable</name>
         <load_address>0x20011ea0</load_address>
         <run_address>0x20011ea0</run_address>
         <size>0x1e</size>
         <input_file_ref idref="fl-26"/>
      </object_component>
      <object_component id="oc-726">
         <name>.text:TimerEnable</name>
         <load_address>0x20011ebe</load_address>
         <run_address>0x20011ebe</run_address>
         <size>0x1e</size>
         <input_file_ref idref="fl-26"/>
      </object_component>
      <object_component id="oc-934">
         <name>.text:PinToPadGet</name>
         <load_address>0x20011edc</load_address>
         <run_address>0x20011edc</run_address>
         <size>0x1c</size>
         <input_file_ref idref="fl-24"/>
      </object_component>
      <object_component id="oc-5aa">
         <name>.text:SwiP_disable</name>
         <load_address>0x20011ef8</load_address>
         <run_address>0x20011ef8</run_address>
         <size>0x1c</size>
         <input_file_ref idref="fl-1f"/>
      </object_component>
      <object_component id="oc-60e">
         <name>.text:free_list_remove</name>
         <load_address>0x20011f14</load_address>
         <run_address>0x20011f14</run_address>
         <size>0x1c</size>
         <input_file_ref idref="fl-e9"/>
      </object_component>
      <object_component id="oc-563">
         <name>.text:memccpy</name>
         <load_address>0x20011f30</load_address>
         <run_address>0x20011f30</run_address>
         <size>0x1c</size>
         <input_file_ref idref="fl-fd"/>
      </object_component>
      <object_component id="oc-9a5">
         <name>.text:ClockP_create</name>
         <load_address>0x20011f4c</load_address>
         <run_address>0x20011f4c</run_address>
         <size>0x1a</size>
         <input_file_ref idref="fl-1b"/>
      </object_component>
      <object_component id="oc-2cb">
         <name>.text:SemaphoreP_createBinary</name>
         <load_address>0x20011f66</load_address>
         <run_address>0x20011f66</run_address>
         <size>0x1a</size>
         <input_file_ref idref="fl-1a"/>
      </object_component>
      <object_component id="oc-21">
         <name>.text:resetISR</name>
         <load_address>0x20011f80</load_address>
         <run_address>0x20011f80</run_address>
         <size>0x1a</size>
         <input_file_ref idref="fl-1e"/>
      </object_component>
      <object_component id="oc-89f">
         <name>.text:I2CMasterBusBusy</name>
         <load_address>0x20011f9a</load_address>
         <run_address>0x20011f9a</run_address>
         <size>0x18</size>
         <input_file_ref idref="fl-22"/>
      </object_component>
      <object_component id="oc-66e">
         <name>.text:I2CMasterIntDisableEx</name>
         <load_address>0x20011fb2</load_address>
         <run_address>0x20011fb2</run_address>
         <size>0x18</size>
         <input_file_ref idref="fl-22"/>
      </object_component>
      <object_component id="oc-880">
         <name>.text:I2CMasterIntEnableEx</name>
         <load_address>0x20011fca</load_address>
         <run_address>0x20011fca</run_address>
         <size>0x18</size>
         <input_file_ref idref="fl-22"/>
      </object_component>
      <object_component id="oc-899">
         <name>.text:I2CRxFIFOFlush</name>
         <load_address>0x20011fe2</load_address>
         <run_address>0x20011fe2</run_address>
         <size>0x18</size>
         <input_file_ref idref="fl-22"/>
      </object_component>
      <object_component id="oc-893">
         <name>.text:I2CTxFIFOFlush</name>
         <load_address>0x20011ffa</load_address>
         <run_address>0x20011ffa</run_address>
         <size>0x18</size>
         <input_file_ref idref="fl-22"/>
      </object_component>
      <object_component id="oc-5bc">
         <name>.text:Power_getTransitionLatency</name>
         <load_address>0x20012014</load_address>
         <run_address>0x20012014</run_address>
         <size>0x18</size>
         <input_file_ref idref="fl-13"/>
      </object_component>
      <object_component id="oc-808">
         <name>.text:Power_idleFunc</name>
         <load_address>0x2001202c</load_address>
         <run_address>0x2001202c</run_address>
         <size>0x18</size>
         <input_file_ref idref="fl-13"/>
      </object_component>
      <object_component id="oc-9fa">
         <name>.text:TimerIntDisable</name>
         <load_address>0x20012044</load_address>
         <run_address>0x20012044</run_address>
         <size>0x18</size>
         <input_file_ref idref="fl-26"/>
      </object_component>
      <object_component id="oc-71a">
         <name>.text:TimerIntEnable</name>
         <load_address>0x2001205c</load_address>
         <run_address>0x2001205c</run_address>
         <size>0x18</size>
         <input_file_ref idref="fl-26"/>
      </object_component>
      <object_component id="oc-9dc">
         <name>.text:UARTBusy</name>
         <load_address>0x20012074</load_address>
         <run_address>0x20012074</run_address>
         <size>0x18</size>
         <input_file_ref idref="fl-27"/>
      </object_component>
      <object_component id="oc-a70">
         <name>.text:UARTIntEnable</name>
         <load_address>0x2001208c</load_address>
         <run_address>0x2001208c</run_address>
         <size>0x18</size>
         <input_file_ref idref="fl-27"/>
      </object_component>
      <object_component id="oc-30f">
         <name>.text:UART_Params_init</name>
         <load_address>0x200120a4</load_address>
         <run_address>0x200120a4</run_address>
         <size>0x18</size>
         <input_file_ref idref="fl-10"/>
      </object_component>
      <object_component id="oc-3b3">
         <name>.text:_outc</name>
         <load_address>0x200120bc</load_address>
         <run_address>0x200120bc</run_address>
         <size>0x18</size>
         <input_file_ref idref="fl-df"/>
      </object_component>
      <object_component id="oc-228">
         <name>.text:gpioButtonFxn0</name>
         <load_address>0x200120d4</load_address>
         <run_address>0x200120d4</run_address>
         <size>0x18</size>
         <input_file_ref idref="fl-2"/>
      </object_component>
      <object_component id="oc-22e">
         <name>.text:gpioButtonFxn1</name>
         <load_address>0x200120ec</load_address>
         <run_address>0x200120ec</run_address>
         <size>0x18</size>
         <input_file_ref idref="fl-2"/>
      </object_component>
      <object_component id="oc-5d9">
         <name>.text</name>
         <load_address>0x20012104</load_address>
         <run_address>0x20012104</run_address>
         <size>0x18</size>
         <input_file_ref idref="fl-e3"/>
      </object_component>
      <object_component id="oc-354">
         <name>.text:timerCallback</name>
         <load_address>0x2001211c</load_address>
         <run_address>0x2001211c</run_address>
         <size>0x18</size>
         <input_file_ref idref="fl-2"/>
      </object_component>
      <object_component id="oc-87a">
         <name>.text:I2CMasterBurstLengthSet</name>
         <load_address>0x20012134</load_address>
         <run_address>0x20012134</run_address>
         <size>0x16</size>
         <input_file_ref idref="fl-22"/>
      </object_component>
      <object_component id="oc-298">
         <name>.text:PRCMHIBRegRead</name>
         <load_address>0x2001214a</load_address>
         <run_address>0x2001214a</run_address>
         <size>0x16</size>
         <input_file_ref idref="fl-25"/>
      </object_component>
      <object_component id="oc-292">
         <name>.text:PRCMHIBRegWrite</name>
         <load_address>0x20012160</load_address>
         <run_address>0x20012160</run_address>
         <size>0x16</size>
         <input_file_ref idref="fl-25"/>
      </object_component>
      <object_component id="oc-41c">
         <name>.text:SemaphoreP_create</name>
         <load_address>0x20012176</load_address>
         <run_address>0x20012176</run_address>
         <size>0x16</size>
         <input_file_ref idref="fl-1a"/>
      </object_component>
      <object_component id="oc-788">
         <name>.text:strchr</name>
         <load_address>0x2001218c</load_address>
         <run_address>0x2001218c</run_address>
         <size>0x16</size>
         <input_file_ref idref="fl-fe"/>
      </object_component>
      <object_component id="oc-a3">
         <name>.text:CPUcpsid</name>
         <load_address>0x200121a2</load_address>
         <run_address>0x200121a2</run_address>
         <size>0x14</size>
         <input_file_ref idref="fl-21"/>
      </object_component>
      <object_component id="oc-45d">
         <name>.text:HwiP_inISR</name>
         <load_address>0x200121b8</load_address>
         <run_address>0x200121b8</run_address>
         <size>0x14</size>
         <input_file_ref idref="fl-1c"/>
      </object_component>
      <object_component id="oc-8a7">
         <name>.text:I2CSupport_masterFinish</name>
         <load_address>0x200121cc</load_address>
         <run_address>0x200121cc</run_address>
         <size>0x14</size>
         <input_file_ref idref="fl-12"/>
      </object_component>
      <object_component id="oc-32e">
         <name>.text:I2C_transfer</name>
         <load_address>0x200121e0</load_address>
         <run_address>0x200121e0</run_address>
         <size>0x14</size>
         <input_file_ref idref="fl-e"/>
      </object_component>
      <object_component id="oc-af">
         <name>.text:IntVTableBaseSet</name>
         <load_address>0x200121f4</load_address>
         <run_address>0x200121f4</run_address>
         <size>0x14</size>
         <input_file_ref idref="fl-23"/>
      </object_component>
      <object_component id="oc-463">
         <name>.text:Power_disablePolicy</name>
         <load_address>0x20012208</load_address>
         <run_address>0x20012208</run_address>
         <size>0x14</size>
         <input_file_ref idref="fl-13"/>
      </object_component>
      <object_component id="oc-950">
         <name>.text:Power_getDependencyCount</name>
         <load_address>0x2001221c</load_address>
         <run_address>0x2001221c</run_address>
         <size>0x14</size>
         <input_file_ref idref="fl-13"/>
      </object_component>
      <object_component id="oc-a6a">
         <name>.text:releasePowerConstraint</name>
         <load_address>0x20012230</load_address>
         <run_address>0x20012230</run_address>
         <size>0x14</size>
         <input_file_ref idref="fl-16"/>
      </object_component>
      <object_component id="oc-534">
         <name>.text:strlen</name>
         <load_address>0x20012244</load_address>
         <run_address>0x20012244</run_address>
         <size>0x14</size>
         <input_file_ref idref="fl-ff"/>
      </object_component>
      <object_component id="oc-368">
         <name>.text:HwiP_Params_init</name>
         <load_address>0x20012258</load_address>
         <run_address>0x20012258</run_address>
         <size>0x12</size>
         <input_file_ref idref="fl-1c"/>
      </object_component>
      <object_component id="oc-662">
         <name>.text:I2CMasterIntClearEx</name>
         <load_address>0x2001226a</load_address>
         <run_address>0x2001226a</run_address>
         <size>0x12</size>
         <input_file_ref idref="fl-22"/>
      </object_component>
      <object_component id="oc-987">
         <name>.text:RingBuf_construct</name>
         <load_address>0x2001227c</load_address>
         <run_address>0x2001227c</run_address>
         <size>0x12</size>
         <input_file_ref idref="fl-18"/>
      </object_component>
      <object_component id="oc-711">
         <name>.text:TimerIntClear</name>
         <load_address>0x2001228e</load_address>
         <run_address>0x2001228e</run_address>
         <size>0x12</size>
         <input_file_ref idref="fl-26"/>
      </object_component>
      <object_component id="oc-11a">
         <name>.text:main</name>
         <load_address>0x200122a0</load_address>
         <run_address>0x200122a0</run_address>
         <size>0x12</size>
         <input_file_ref idref="fl-4"/>
      </object_component>
      <object_component id="oc-569">
         <name>.text:wcslen</name>
         <load_address>0x200122b2</load_address>
         <run_address>0x200122b2</run_address>
         <size>0x12</size>
         <input_file_ref idref="fl-103"/>
      </object_component>
      <object_component id="oc-153">
         <name>.text:Board_init</name>
         <load_address>0x200122c4</load_address>
         <run_address>0x200122c4</run_address>
         <size>0x10</size>
         <input_file_ref idref="fl-3"/>
      </object_component>
      <object_component id="oc-42e">
         <name>.text:ClockP_add</name>
         <load_address>0x200122d4</load_address>
         <run_address>0x200122d4</run_address>
         <size>0x10</size>
         <input_file_ref idref="fl-1b"/>
      </object_component>
      <object_component id="oc-972">
         <name>.text:ClockP_delete</name>
         <load_address>0x200122e4</load_address>
         <run_address>0x200122e4</run_address>
         <size>0x10</size>
         <input_file_ref idref="fl-1b"/>
      </object_component>
[...]
      </symbol>
      <symbol id="sm-ad4">
         <name>HwiP_disableInterrupt</name>
         <value>0x200123c1</value>
         <object_component_ref idref="oc-6a1"/>
      </symbol>
      <symbol id="sm-b04">
         <name>PowerCC32XX_initPolicy</name>
         <value>0x2000ee7b</value>
         <object_component_ref idref="oc-405"/>
      </symbol>
      <symbol id="sm-b05">
         <name>PowerCC32XX_sleepPolicy</name>
         <value>0x2000db65</value>
         <object_component_ref idref="oc-40b"/>
      </symbol>
      <symbol id="sm-b5a">
         <name>resetISR</name>
         <value>0x20011f81</value>
         <object_component_ref idref="oc-21"/>
      </symbol>
      <symbol id="sm-b5b">
         <name>resetVectorAddr</name>
         <value>0x20011f94</value>
         <object_component_ref idref="oc-21"/>
      </symbol>
      <symbol id="sm-b5c">
         <name>initVectors</name>
         <value>0x2001179d</value>
         <object_component_ref idref="oc-59"/>
      </symbol>
      <symbol id="sm-b5d">
         <name>resetVectors</name>
         <value>0x20004000</value>
         <object_component_ref idref="oc-27"/>
      </symbol>
      <symbol id="sm-b8d">
         <name>SwiP_disable</name>
         <value>0x20011ef9</value>
         <object_component_ref idref="oc-5aa"/>
      </symbol>
      <symbol id="sm-b8e">
         <name>SwiP_restore</name>
         <value>0x20011325</value>
         <object_component_ref idref="oc-5e4"/>
      </symbol>
      <symbol id="sm-b99">
         <name>CPUcpsid</name>
         <value>0x200121a3</value>
         <object_component_ref idref="oc-a3"/>
      </symbol>
      <symbol id="sm-c06">
         <name>I2CRxFIFOFlush</name>
         <value>0x20011fe3</value>
         <object_component_ref idref="oc-899"/>
      </symbol>
      <symbol id="sm-c07">
         <name>I2CTxFIFOFlush</name>
         <value>0x20011ffb</value>
         <object_component_ref idref="oc-893"/>
      </symbol>
      <symbol id="sm-c08">
         <name>I2CFIFODataPutNonBlocking</name>
         <value>0x20011bf7</value>
         <object_component_ref idref="oc-680"/>
      </symbol>
      <symbol id="sm-c09">
         <name>I2CMasterBusBusy</name>
         <value>0x20011f9b</value>
         <object_component_ref idref="oc-89f"/>
      </symbol>
      <symbol id="sm-c0a">
         <name>I2CMasterIntDisableEx</name>
         <value>0x20011fb3</value>
         <object_component_ref idref="oc-66e"/>
      </symbol>
      <symbol id="sm-c0b">
         <name>I2CMasterBurstLengthSet</name>
         <value>0x20012135</value>
         <object_component_ref idref="oc-87a"/>
      </symbol>
      <symbol id="sm-c0c">
         <name>I2CMasterIntClearEx</name>
         <value>0x2001226b</value>
         <object_component_ref idref="oc-662"/>
      </symbol>
      <symbol id="sm-c0d">
         <name>I2CMasterSlaveAddrSet</name>
         <value>0x20011dc1</value>
         <object_component_ref idref="oc-86e"/>
      </symbol>
      <symbol id="sm-c0e">
         <name>I2CMasterIntEnableEx</name>
         <value>0x20011fcb</value>
         <object_component_ref idref="oc-880"/>
      </symbol>
      <symbol id="sm-c0f">
         <name>I2CFIFOStatus</name>
         <value>0x20012345</value>
         <object_component_ref idref="oc-686"/>
      </symbol>
      <symbol id="sm-c10">
         <name>I2CMasterIntStatusEx</name>
         <value>0x20011e65</value>
         <object_component_ref idref="oc-65c"/>
      </symbol>
      <symbol id="sm-c11">
         <name>I2CFIFODataGetNonBlocking</name>
         <value>0x20011c99</value>
         <object_component_ref idref="oc-866"/>
      </symbol>
      <symbol id="sm-c56">
         <name>IntVTableBaseSet</name>
         <value>0x200121f5</value>
         <object_component_ref idref="oc-af"/>
      </symbol>
      <symbol id="sm-c57">
         <name>IntEnable</name>
         <value>0x2000f815</value>
         <object_component_ref idref="oc-b5"/>
      </symbol>
      <symbol id="sm-c58">
         <name>IntMasterDisable</name>
         <value>0x20012471</value>
         <object_component_ref idref="oc-53"/>
      </symbol>
      <symbol id="sm-c59">
         <name>IntPendSet</name>
         <value>0x2000fecd</value>
         <object_component_ref idref="oc-966"/>
      </symbol>
      <symbol id="sm-c93">
         <name>PinModeGet</name>
         <value>0x20011989</value>
         <object_component_ref idref="oc-2b0"/>
      </symbol>
      <symbol id="sm-c94">
         <name>PinConfigSet</name>
         <value>0x2000ff55</value>
         <object_component_ref idref="oc-35c"/>
      </symbol>
      <symbol id="sm-c95">
         <name>PinModeSet</name>
         <value>0x200114b9</value>
         <object_component_ref idref="oc-2b6"/>
      </symbol>
      <symbol id="sm-c96">
         <name>PinToPadGet</name>
         <value>0x20011edd</value>
         <object_component_ref idref="oc-934"/>
      </symbol>
      <symbol id="sm-d5f">
         <name>PRCMLPDSRestoreInfoSet</name>
         <value>0x20011259</value>
         <object_component_ref idref="oc-948"/>
      </symbol>
      <symbol id="sm-d60">
         <name>PRCMPeripheralReset</name>
         <value>0x20010a6d</value>
         <object_component_ref idref="oc-2a4"/>
      </symbol>
      <symbol id="sm-d61">
         <name>PRCMLPDSEnter</name>
         <value>0x20011069</value>
         <object_component_ref idref="oc-7ef"/>
      </symbol>
      <symbol id="sm-d62">
         <name>PRCMPeripheralClkEnable</name>
         <value>0x200110b1</value>
         <object_component_ref idref="oc-29e"/>
      </symbol>
      <symbol id="sm-d63">
         <name>PRCMLPDSEnterKeepDebugIf</name>
         <value>0x2001172d</value>
         <object_component_ref idref="oc-7f5"/>
      </symbol>
      <symbol id="sm-d64">
         <name>PRCMCC3200MCUInit</name>
         <value>0x2000ca91</value>
         <object_component_ref idref="oc-1d2"/>
      </symbol>
      <symbol id="sm-d65">
         <name>PRCMHIBRegWrite</name>
         <value>0x20012161</value>
         <object_component_ref idref="oc-292"/>
      </symbol>
      <symbol id="sm-d66">
         <name>PRCMSysResetCauseGet</name>
         <value>0x200108a1</value>
         <object_component_ref idref="oc-28b"/>
      </symbol>
      <symbol id="sm-d67">
         <name>PRCMPeripheralClkDisable</name>
         <value>0x20011c21</value>
         <object_component_ref idref="oc-2aa"/>
      </symbol>
      <symbol id="sm-d68">
         <name>PRCMHIBRegRead</name>
         <value>0x2001214b</value>
         <object_component_ref idref="oc-298"/>
      </symbol>
      <symbol id="sm-db0">
         <name>TimerLoadSet</name>
         <value>0x20011ba3</value>
         <object_component_ref idref="oc-6fb"/>
      </symbol>
      <symbol id="sm-db1">
         <name>TimerDisable</name>
         <value>0x20011ea1</value>
         <object_component_ref idref="oc-6ef"/>
      </symbol>
      <symbol id="sm-db2">
         <name>TimerEnable</name>
         <value>0x20011ebf</value>
         <object_component_ref idref="oc-726"/>
      </symbol>
      <symbol id="sm-db3">
         <name>TimerIntDisable</name>
         <value>0x20012045</value>
         <object_component_ref idref="oc-9fa"/>
      </symbol>
      <symbol id="sm-db4">
         <name>TimerPrescaleSet</name>
         <value>0x20011bcd</value>
         <object_component_ref idref="oc-6f5"/>
      </symbol>
      <symbol id="sm-db5">
         <name>TimerControlStall</name>
         <value>0x2001187d</value>
         <object_component_ref idref="oc-701"/>
      </symbol>
      <symbol id="sm-db6">
         <name>TimerIntEnable</name>
         <value>0x2001205d</value>
         <object_component_ref idref="oc-71a"/>
      </symbol>
      <symbol id="sm-db7">
         <name>TimerIntClear</name>
         <value>0x2001228f</value>
         <object_component_ref idref="oc-711"/>
      </symbol>
      <symbol id="sm-dcb">
         <name>UARTBusy</name>
         <value>0x20012075</value>
         <object_component_ref idref="oc-9dc"/>
      </symbol>
      <symbol id="sm-dcc">
         <name>UARTIntEnable</name>
         <value>0x2001208d</value>
         <object_component_ref idref="oc-a70"/>
      </symbol>
      <symbol id="sm-dd0">
         <name>UtilsDelay</name>
         <value>0x200124b9</value>
         <object_component_ref idref="oc-291"/>
      </symbol>
      <symbol id="sm-de0">
         <name>FlashDisable</name>
         <value>0x20011021</value>
         <object_component_ref idref="oc-95e"/>
      </symbol>
      <symbol id="sm-e0f">
         <name>snprintf</name>
         <value>0x20010fd5</value>
         <object_component_ref idref="oc-21c"/>
      </symbol>
      <symbol id="sm-e19">
         <name>__aeabi_fmul</name>
         <value>0x20010367</value>
         <object_component_ref idref="oc-39c"/>
      </symbol>
      <symbol id="sm-e23">
         <name>__aeabi_f2iz</name>
         <value>0x2001180d</value>
         <object_component_ref idref="oc-3a1"/>
      </symbol>
      <symbol id="sm-e2e">
         <name>__aeabi_i2f</name>
         <value>0x20011845</value>
         <object_component_ref idref="oc-397"/>
      </symbol>
      <symbol id="sm-e37">
         <name>__aeabi_lmul</name>
         <value>0x20012105</value>
         <object_component_ref idref="oc-5d9"/>
      </symbol>
      <symbol id="sm-e52">
         <name>memcpy</name>
         <value>0x2000fbe5</value>
         <object_component_ref idref="oc-3b"/>
      </symbol>
      <symbol id="sm-e53">
         <name>__aeabi_memcpy</name>
         <value>0x2000fbe5</value>
         <object_component_ref idref="oc-3b"/>
      </symbol>
      <symbol id="sm-e54">
         <name>__aeabi_memcpy8</name>
         <value>0x2000fbe5</value>
         <object_component_ref idref="oc-3b"/>
      </symbol>
      <symbol id="sm-e55">
         <name>__aeabi_memcpy4</name>
         <value>0x2000fbe5</value>
         <object_component_ref idref="oc-3b"/>
      </symbol>
      <symbol id="sm-e62">
         <name>__aeabi_uldivmod</name>
         <value>0x2000fd19</value>
         <object_component_ref idref="oc-5ce"/>
      </symbol>
      <symbol id="sm-e74">
         <name>__TI_zero_init</name>
         <value>0x20012439</value>
         <object_component_ref idref="oc-4d"/>
      </symbol>
      <symbol id="sm-e8b">
         <name>__TI_decompress_none</name>
         <value>0x20012407</value>
         <object_component_ref idref="oc-1a"/>
      </symbol>
      <symbol id="sm-eae">
         <name>__TI_decompress_lzss</name>
         <value>0x20010709</value>
         <object_component_ref idref="oc-14"/>
      </symbol>
      <symbol id="sm-f37">
         <name>_sys_memory</name>
         <value>0x20004040</value>
         <object_component_ref idref="oc-2a"/>
      </symbol>
      <symbol id="sm-f38">
         <name>free</name>
         <value>0x2000ee7d</value>
         <object_component_ref idref="oc-427"/>
      </symbol>
      <symbol id="sm-f39">
         <name>memalign</name>
         <value>0x2000ea91</value>
         <object_component_ref idref="oc-72d"/>
      </symbol>
      <symbol id="sm-f3a">
         <name>malloc</name>
         <value>0x20012495</value>
         <object_component_ref idref="oc-512"/>
      </symbol>
      <symbol id="sm-f3b">
         <name>aligned_alloc</name>
         <value>0x2000ea91</value>
         <object_component_ref idref="oc-72d"/>
      </symbol>
      <symbol id="sm-f4d">
         <name>__stack</name>
         <value>0x20003000</value>
         <object_component_ref idref="oc-2d"/>
      </symbol>
      <symbol id="sm-f4e">
         <name>_c_int00_noargs</name>
         <value>0x20011d9d</value>
         <object_component_ref idref="oc-c5"/>
      </symbol>
      <symbol id="sm-10b3">
         <name>__TI_printfi</name>
         <value>0x2000c041</value>
         <object_component_ref idref="oc-3a7"/>
      </symbol>
      <symbol id="sm-10bd">
         <name>__aeabi_idiv0</name>
         <value>0x2001172b</value>
         <object_component_ref idref="oc-7c0"/>
      </symbol>
      <symbol id="sm-10be">
         <name>__aeabi_ldiv0</name>
         <value>0x2001172b</value>
         <object_component_ref idref="oc-7c0"/>
      </symbol>
      <symbol id="sm-10d5">
         <name>__aeabi_dsub</name>
         <value>0x2000d9ad</value>
         <object_component_ref idref="oc-75c"/>
      </symbol>
      <symbol id="sm-10d6">
         <name>__aeabi_dadd</name>
         <value>0x2000d9b7</value>
         <object_component_ref idref="oc-75c"/>
      </symbol>
      <symbol id="sm-10f8">
         <name>__aeabi_cdcmpeq</name>
         <value>0x2000ffdd</value>
         <object_component_ref idref="oc-546"/>
      </symbol>
      <symbol id="sm-10f9">
         <name>__aeabi_cdcmple</name>
         <value>0x2000ffdd</value>
         <object_component_ref idref="oc-546"/>
      </symbol>
      <symbol id="sm-10fa">
         <name>__aeabi_cdrcmple</name>
         <value>0x20010063</value>
         <object_component_ref idref="oc-747"/>
      </symbol>
      <symbol id="sm-110e">
         <name>__aeabi_ddiv</name>
         <value>0x2000e4d9</value>
         <object_component_ref idref="oc-742"/>
      </symbol>
      <symbol id="sm-1119">
         <name>__aeabi_dmul</name>
         <value>0x2000ec8d</value>
         <object_component_ref idref="oc-73d"/>
      </symbol>
      <symbol id="sm-1123">
         <name>__aeabi_d2iz</name>
         <value>0x20011141</value>
         <object_component_ref idref="oc-74c"/>
      </symbol>
      <symbol id="sm-112d">
         <name>__aeabi_i2d</name>
         <value>0x20011b1d</value>
         <object_component_ref idref="oc-757"/>
      </symbol>
      <symbol id="sm-113c">
         <name>__aeabi_memset</name>
         <value>0x200103e3</value>
         <object_component_ref idref="oc-9d"/>
      </symbol>
      <symbol id="sm-113d">
         <name>memset</name>
         <value>0x200103e9</value>
         <object_component_ref idref="oc-9d"/>
      </symbol>
      <symbol id="sm-113e">
         <name>__aeabi_memset8</name>
         <value>0x200103e3</value>
         <object_component_ref idref="oc-9d"/>
      </symbol>
      <symbol id="sm-113f">
         <name>__aeabi_memset4</name>
         <value>0x200103e3</value>
         <object_component_ref idref="oc-9d"/>
      </symbol>
      <symbol id="sm-1140">
         <name>__aeabi_memclr8</name>
         <value>0x200103e1</value>
         <object_component_ref idref="oc-9d"/>
      </symbol>
      <symbol id="sm-1141">
         <name>__aeabi_memclr4</name>
         <value>0x200103e1</value>
         <object_component_ref idref="oc-9d"/>
      </symbol>
      <symbol id="sm-1142">
         <name>__aeabi_memclr</name>
         <value>0x200103e1</value>
         <object_component_ref idref="oc-9d"/>
      </symbol>
      <symbol id="sm-116a">
         <name>__TI_auto_init_nobinit_nopinit</name>
         <value>0x200113f1</value>
         <object_component_ref idref="oc-172"/>
      </symbol>
      <symbol id="sm-1174">
         <name>_system_pre_init</name>
         <value>0x200124cb</value>
         <object_component_ref idref="oc-114"/>
      </symbol>
      <symbol id="sm-1180">
         <name>C$$EXIT</name>
         <value>0x200124cf</value>
         <object_component_ref idref="oc-166"/>
      </symbol>
      <symbol id="sm-1181">
         <name>abort</name>
         <value>0x200124cf</value>
         <object_component_ref idref="oc-166"/>
      </symbol>
      <symbol id="sm-1196">
         <name>_nop</name>
         <value>0x2001045b</value>
         <object_component_ref idref="oc-3d2"/>
      </symbol>
      <symbol id="sm-1197">
         <name>_lock</name>
         <value>0x20012a68</value>
         <object_component_ref idref="oc-23e"/>
      </symbol>
      <symbol id="sm-1198">
         <name>_unlock</name>
         <value>0x20012a6c</value>
         <object_component_ref idref="oc-23e"/>
      </symbol>
      <symbol id="sm-11a7">
         <name>__TI_ltoa</name>
         <value>0x20010b73</value>
         <object_component_ref idref="oc-751"/>
      </symbol>
      <symbol id="sm-11be">
         <name>atoi</name>
         <value>0x20010f3d</value>
         <object_component_ref idref="oc-53a"/>
      </symbol>
      <symbol id="sm-11c9">
         <name>_ctypes_</name>
         <value>0x20012a9c</value>
         <object_component_ref idref="oc-736"/>
      </symbol>
      <symbol id="sm-11d9">
         <name>memccpy</name>
         <value>0x20011f31</value>
         <object_component_ref idref="oc-563"/>
      </symbol>
      <symbol id="sm-11e9">
         <name>strchr</name>
         <value>0x2001218d</value>
         <object_component_ref idref="oc-788"/>
      </symbol>
      <symbol id="sm-11f7">
         <name>strlen</name>
         <value>0x20012245</value>
         <object_component_ref idref="oc-534"/>
      </symbol>
      <symbol id="sm-120d">
         <name>__aeabi_errno_addr</name>
         <value>0x2001248d</value>
         <object_component_ref idref="oc-56f"/>
      </symbol>
      <symbol id="sm-120e">
         <name>errno</name>
         <value>0x20012a98</value>
         <object_component_ref idref="oc-798"/>
      </symbol>
      <symbol id="sm-122e">
         <name>frexpl</name>
         <value>0x2001095d</value>
         <object_component_ref idref="oc-77c"/>
      </symbol>
      <symbol id="sm-122f">
         <name>frexp</name>
         <value>0x2001095d</value>
         <object_component_ref idref="oc-77c"/>
      </symbol>
      <symbol id="sm-124d">
         <name>scalbn</name>
         <value>0x2000ef61</value>
         <object_component_ref idref="oc-782"/>
      </symbol>
      <symbol id="sm-124e">
         <name>scalbnl</name>
         <value>0x2000ef61</value>
         <object_component_ref idref="oc-782"/>
      </symbol>
      <symbol id="sm-124f">
         <name>ldexpl</name>
         <value>0x2000ef61</value>
         <object_component_ref idref="oc-782"/>
      </symbol>
      <symbol id="sm-1250">
         <name>ldexp</name>
         <value>0x2000ef61</value>
         <object_component_ref idref="oc-782"/>
      </symbol>
      <symbol id="sm-1269">
         <name>wcslen</name>
         <value>0x200122b3</value>
         <object_component_ref idref="oc-569"/>
      </symbol>
      <symbol id="sm-1273">
         <name>copysign</name>
         <value>0x2001242d</value>
         <object_component_ref idref="oc-8fe"/>
      </symbol>
      <symbol id="sm-1274">
         <name>copysignl</name>
         <value>0x2001242d</value>
         <object_component_ref idref="oc-8fe"/>
      </symbol>
      <symbol id="sm-1275">
         <name>__TI_static_base__</name>
         <value>0x200133c8</value>
      </symbol>
      <symbol id="sm-1278">
         <name>ITM_flush</name>
         <value>0x0</value>
      </symbol>
      <symbol id="sm-1279">
         <name>ITM_restore</name>
         <value>0x0</value>
      </symbol>
      <symbol id="sm-127a">
         <name>__mpu_init</name>
         <value>0x0</value>
      </symbol>
      <symbol id="sm-127b">
         <name>_system_post_cinit</name>
         <value>0x0</value>
      </symbol>
      <symbol id="sm-127c">
         <name>NoRTOS_start</name>
         <value>0x200123cf</value>
      </symbol>
   </symbol_table>
   <title>Link successful</title>
</link_info>
