******************************************************************************
                  TI ARM Linker PC v20.2.2                     
******************************************************************************
>> Linked Sat Apr 24 23:38:51 2021

OUTPUT FILE NAME:   <gpiointerrupt_CC3220S_LAUNCHXL_nortos_ccs.out>
ENTRY POINT SYMBOL: "resetISR"  address: 20011f81


MEMORY CONFIGURATION

         name            origin    length      used     unused   attr    fill
----------------------  --------  ---------  --------  --------  ----  --------
  SRAM2                 20000000   00004000  0000130c  00002cf4  RW X
  SRAM                  20004000   0003c000  0000f4b0  0002cb50  RW X
  LOG_DATA              90000000   00040000  00000000  00040000  R   


SEGMENT ALLOCATION MAP

run origin  load origin   length   init length attrs members
----------  ----------- ---------- ----------- ----- -------
20003000    20003000    00001000   00000000    rw-
  20003000    20003000    00001000   00000000    rw- .stack
20004000    20004000    00000040   00000040    r--
  20004000    20004000    00000040   00000040    r-- .resetVecs
20004040    20004040    00008000   00000000    rw-
  20004040    20004040    00008000   00000000    rw- .sysmem
2000c040    2000c040    00006492   00006492    r-x
  2000c040    2000c040    00006492   00006492    r-x .text
200124d4    200124d4    000005c8   00000000    rw-
  200124d4    200124d4    000005c8   00000000    rw- .data
20012a9c    20012a9c    00000502   00000502    r--
  20012a9c    20012a9c    00000502   00000502    r-- .const
20012fa0    20012fa0    00000424   00000000    rw-
  20012fa0    20012fa0    00000424   00000000    rw- .bss
200133c8    200133c8    000000f0   000000f0    r--
  200133c8    200133c8    000000f0   000000f0    r-- .cinit


SECTION ALLOCATION MAP

 output                                  attributes/
section   page    origin      length       input sections
--------  ----  ----------  ----------   ----------------
.text      0    2000c040    00006492     
                  2000c040    00000a4e     rtsv7M4_T_le_eabi.lib : _printfi.c.obj (.text:__TI_printfi)
                  2000ca8e    00000002     ti_drivers_config.obj (.text:Board_initHook)
                  2000ca90    0000042c     driverlib.a : prcm.obj (.text:PRCMCC3200MCUInit)
                  2000cebc    00000288     drivers_cc32xx.a : UARTCC32XX.oem4 (.text:UARTCC32XX_open)
                  2000d144    00000268     rtsv7M4_T_le_eabi.lib : _printfi.c.obj (.text:_pconv_a)
                  2000d3ac    00000250     gpiointerrupt.obj (.text:initI2C)
                  2000d5fc    000001e4     drivers_cc32xx.a : GPIOCC32XX.oem4 (.text:GPIO_setConfig)
                  2000d7e0    000001cc     rtsv7M4_T_le_eabi.lib : _printfi.c.obj (.text:_pconv_g)
                  2000d9ac    000001b6                           : fd_add_t2.asm.obj (.text)
                  2000db62    00000002     drivers_cc32xx.a : I2C.oem4 (.text:I2C_init)
                  2000db64    0000019c     nortos_cc32xx.a : PowerCC32XX_nortos.oem4 (.text:PowerCC32XX_sleepPolicy)
                  2000dd00    0000019c     gpiointerrupt.obj (.text:mainThread)
                  2000de9c    00000148     drivers_cc32xx.a : I2CCC32XX.oem4 (.text:I2CCC32XX_hwiFxn)
                  2000dfe4    00000148                      : PowerCC32XX.oem4 (.text:parkPins)
                  2000e12c    0000013c     rtsv7M4_T_le_eabi.lib : _printfi.c.obj (.text:_pconv_e)
                  2000e268    00000138     drivers_cc32xx.a : PowerCC32XX.oem4 (.text:Power_sleep)
                  2000e3a0    00000138                      : TimerCC32XX.oem4 (.text:Timer_open)
                  2000e4d8    00000136     rtsv7M4_T_le_eabi.lib : fd_div_t2.asm.obj (.text)
                  2000e60e    00000122     drivers_cc32xx.a : I2C.oem4 (.text:I2C_transferTimeout)
                  2000e730    00000120                      : UARTCC32XX.oem4 (.text:UARTCC32XX_close)
                  2000e850    00000120     rtsv7M4_T_le_eabi.lib : _printfi.c.obj (.text:fcvt)
                  2000e970    00000120     gpiointerrupt.obj (.text:readTemp)
                  2000ea90    00000100     rtsv7M4_T_le_eabi.lib : memory.c.obj (.text:aligned_alloc)
                  2000eb90    000000fc     drivers_cc32xx.a : I2CCC32XX.oem4 (.text:I2C_open)
                  2000ec8c    000000fc     rtsv7M4_T_le_eabi.lib : fd_mul_t2.asm.obj (.text)
                  2000ed88    000000f2     drivers_cc32xx.a : UARTCC32XX.oem4 (.text:UARTCC32XX_control)
                  2000ee7a    00000002     nortos_cc32xx.a : PowerCC32XX_nortos.oem4 (.text:PowerCC32XX_initPolicy)
                  2000ee7c    000000e4     rtsv7M4_T_le_eabi.lib : memory.c.obj (.text:free)
                  2000ef60    000000d0                           : s_scalbn.c.obj (.text:scalbn)
                  2000f030    000000ca     drivers_cc32xx.a : UARTCC32XX.oem4 (.text:UARTCC32XX_write)
                  2000f0fa    00000002     nortos_cc32xx.a : SemaphoreP_nortos.oem4 (.text:SemaphoreP_destruct)
                  2000f0fc    000000c4     drivers_cc32xx.a : GPIOCC32XX.oem4 (.text:GPIO_init)
                  2000f1c0    000000c0                      : PowerCC32XX.oem4 (.text:restoreParkedPins)
                  2000f280    000000ba                      : UARTCC32XX.oem4 (.text:UARTCC32XX_readPolling)
                  2000f33a    00000002                      : Timer.oem4 (.text:Timer_init)
                  2000f33c    000000b8                      : UARTCC32XX.oem4 (.text:initHw)
                  2000f3f4    000000b6                      : UARTCC32XX.oem4 (.text:readTaskCallback)
                  2000f4aa    000000b2                      : I2CCC32XX.oem4 (.text:I2CCC32XX_completeTransfer)
                  2000f55c    000000b1     rtsv7M4_T_le_eabi.lib : _printfi.c.obj (.text:_ltostr)
                  2000f60d    00000001     --HOLE-- [fill = 0]
                  2000f60e    000000b0     drivers_cc32xx.a : UARTCC32XX.oem4 (.text:readTaskBlocking)
                  2000f6be    000000ae                      : UARTCC32XX.oem4 (.text:readIsrTextBlocking)
                  2000f76c    000000a8                      : I2CCC32XX.oem4 (.text:I2CCC32XX_primeWriteBurst)
                  2000f814    000000a8     driverlib.a : interrupt.obj (.text:IntEnable)
                  2000f8bc    000000a8     drivers_cc32xx.a : PowerCC32XX.oem4 (.text:PowerCC32XX_configureWakeup)
                  2000f964    000000a2                      : UARTCC32XX.oem4 (.text:readIsrTextCallback)
                  2000fa06    000000a2                      : UARTCC32XX.oem4 (.text:writeData)
                  2000faa8    000000a0     nortos_cc32xx.a : SemaphoreP_nortos.oem4 (.text:SemaphoreP_pend)
                  2000fb48    0000009c     drivers_cc32xx.a : I2CCC32XX.oem4 (.text:I2CCC32XX_initHw)
                  2000fbe4    0000009c     rtsv7M4_T_le_eabi.lib : memcpy_t2.asm.obj (.text)
                  2000fc80    00000098     drivers_cc32xx.a : GPIOCC32XX.oem4 (.text:powerNotifyFxn)
                  2000fd18    00000096     rtsv7M4_T_le_eabi.lib : ull_div_t2.asm.obj (.text)
                  2000fdae    00000002     drivers_cc32xx.a : UARTCC32XX.oem4 (.text:UARTCC32XX_init)
                  2000fdb0    00000090                      : PowerCC32XX.oem4 (.text:restoreNVICRegs)
                  2000fe40    0000008c     nortos_cc32xx.a : HwiPCC32XX_nortos.oem4 (.text:HwiP_construct)
                  2000fecc    00000088     driverlib.a : interrupt.obj (.text:IntPendSet)
                  2000ff54    00000088                 : pin.obj (.text:PinConfigSet)
                  2000ffdc    00000086     rtsv7M4_T_le_eabi.lib : fd_cmp_t2.asm.obj (.text:__aeabi_cdcmple)
                  20010062    00000086                           : fd_cmp_t2.asm.obj (.text:__aeabi_cdrcmple)
                  200100e8    00000084     drivers_cc32xx.a : PowerCC32XX.oem4 (.text:Power_init)
                  2001016c    00000084                      : PowerCC32XX.oem4 (.text:saveNVICRegs)
                  200101f0    00000080                      : PowerCC32XX.oem4 (.text:Power_setDependency)
                  20010270    0000007c                      : UARTCC32XX.oem4 (.text:readIsrBinaryBlocking)
                  200102ec    0000007a                      : I2CCC32XX.oem4 (.text:I2CCC32XX_primeReadBurst)
                  20010366    0000007a     rtsv7M4_T_le_eabi.lib : fs_mul_t2.asm.obj (.text)
                  200103e0    0000007a                           : memset_t2.asm.obj (.text)
                  2001045a    00000002                           : _lock.c.obj (.text:_nop)
                  2001045c    00000078     drivers_cc32xx.a : GPIOCC32XX.oem4 (.text:GPIO_hwiIntFxn)
                  200104d4    00000078                      : UARTCC32XX.oem4 (.text:readIsrBinaryCallback)
                  2001054c    00000074                      : UARTCC32XX.oem4 (.text:UARTCC32XX_hwiIntFxn)
                  200105c0    00000070     rtsv7M4_T_le_eabi.lib : memory.c.obj (.text:split)
                  20010630    0000006e                           : _printfi.c.obj (.text:_mcpy)
                  2001069e    0000006a     drivers_cc32xx.a : I2CCC32XX.oem4 (.text:I2CSupport_primeTransfer)
                  20010708    00000068     rtsv7M4_T_le_eabi.lib : copy_decompress_lzss.c.obj (.text:decompress:lzss:__TI_decompress_lzss)
                  20010770    00000066     drivers_cc32xx.a : UARTCC32XX.oem4 (.text:UARTCC32XX_writeCancel)
                  200107d6    00000002     nortos_cc32xx.a : startup_cc32xx_ccs.oem4 (.text:busFaultHandler)
                  200107d8    00000064     drivers_cc32xx.a : PowerCC32XX.oem4 (.text:PowerCC32XX_setParkState)
                  2001083c    00000062                      : UARTCC32XX.oem4 (.text:UARTCC32XX_writePolling)
                  2001089e    00000002     nortos_cc32xx.a : SemaphoreP_nortos.oem4 (.text:clkFxn)
                  200108a0    00000060     driverlib.a : prcm.obj (.text:PRCMSysResetCauseGet)
                  20010900    0000005c     drivers_cc32xx.a : GPIOCC32XX.oem4 (.text:GPIO_setCallback)
                  2001095c    0000005c     rtsv7M4_T_le_eabi.lib : s_frexp.c.obj (.text:frexp)
                  200109b8    0000005c     nortos_cc32xx.a : ClockPSysTick_nortos.oem4 (.text:sysTickInit)
                  20010a14    00000058     drivers_cc32xx.a : GPIOCC32XX.oem4 (.text:GPIO_write)
                  20010a6c    00000058     driverlib.a : prcm.obj (.text:PRCMPeripheralReset)
                  20010ac4    00000058     drivers_cc32xx.a : PowerCC32XX.oem4 (.text:Power_releaseDependency)
                  20010b1c    00000056     rtsv7M4_T_le_eabi.lib : _printfi.c.obj (.text:_pconv_f)
                  20010b72    00000054                           : _ltoa.c.obj (.text:__TI_ltoa)
                  20010bc6    00000002     nortos_cc32xx.a : startup_cc32xx_ccs.oem4 (.text:defaultHandler)
                  20010bc8    00000054     gpiointerrupt.obj (.text:initTimer)
                  20010c1c    00000054     drivers_cc32xx.a : UARTCC32XX.oem4 (.text:ringBufGet)
                  20010c70    00000052                      : PowerCC32XX_asm.oem4 (.text:PowerCC32XX_resumeLPDS)
                  20010cc2    00000052     rtsv7M4_T_le_eabi.lib : _printfi.c.obj (.text:_ecpy)
                  20010d14    00000052     drivers_cc32xx.a : TimerCC32XX.oem4 (.text:initHw)
                  20010d66    00000002     nortos_cc32xx.a : startup_cc32xx_ccs.oem4 (.text:faultISR)
                  20010d68    00000050                     : ClockPSysTick_nortos.oem4 (.text:ClockP_sysTickHandler)
                  20010db8    00000050                     : SemaphoreP_nortos.oem4 (.text:SemaphoreP_construct)
                  20010e08    00000050     drivers_cc32xx.a : TimerCC32XX.oem4 (.text:TimerCC32XX_allocateTimerResource)
                  20010e58    0000004c                      : GPIOCC32XX.oem4 (.text:GPIO_enableInt)
                  20010ea4    0000004c                      : I2CCC32XX.oem4 (.text:I2CCC32XX_readRecieveFifo)
                  20010ef0    0000004c                      : PowerCC32XX.oem4 (.text:PowerCC32XX_parkPin)
                  20010f3c    0000004c     rtsv7M4_T_le_eabi.lib : atoi.c.obj (.text:atoi)
                  20010f88    0000004c     drivers_cc32xx.a : PowerCC32XX.oem4 (.text:restorePeriphClocks)
                  20010fd4    0000004c     rtsv7M4_T_le_eabi.lib : snprintf.c.obj (.text:snprintf)
                  20011020    00000048     driverlib.a : flash.obj (.text:FlashDisable)
                  20011068    00000048                 : prcm.obj (.text:PRCMLPDSEnter)
                  200110b0    00000048                 : prcm.obj (.text:PRCMPeripheralClkEnable)
                  200110f8    00000048     drivers_cc32xx.a : PowerCC32XX.oem4 (.text:Power_releaseConstraint)
                  20011140    00000048     rtsv7M4_T_le_eabi.lib : fd_toi_t2.asm.obj (.text)
                  20011188    00000046     drivers_cc32xx.a : RingBuf.oem4 (.text:RingBuf_put)
                  200111ce    00000046                      : TimerCC32XX.oem4 (.text:getPrescaler)
                  20011214    00000044     nortos_cc32xx.a : ClockPSysTick_nortos.oem4 (.text:ClockP_stop)
                  20011258    00000044     driverlib.a : prcm.obj (.text:PRCMLPDSRestoreInfoSet)
                  2001129c    00000044     drivers_cc32xx.a : PowerCC32XX_asm.oem4 (.text:PowerCC32XX_enterLPDS)
                  200112e0    00000044     nortos_cc32xx.a : SemaphoreP_nortos.oem4 (.text:SemaphoreP_post)
                  20011324    00000044                     : SwiP_nortos.oem4 (.text:SwiP_restore)
                  20011368    00000044     drivers_cc32xx.a : Timer.oem4 (.text:Timer_start)
                  200113ac    00000044                      : UART.oem4 (.text:UART_init)
                  200113f0    00000044     rtsv7M4_T_le_eabi.lib : autoinit.c.obj (.text:__TI_auto_init_nobinit_nopinit:__TI_auto_init_nobinit_nopinit)
                  20011434    00000044     gpiointerrupt.obj (.text:initUART)
                  20011478    00000040     nortos_cc32xx.a : ClockPSysTick_nortos.oem4 (.text:ClockP_construct)
                  200114b8    00000040     driverlib.a : pin.obj (.text:PinModeSet)
                  200114f8    00000040     drivers_cc32xx.a : RingBuf.oem4 (.text:RingBuf_get)
                  20011538    00000040                      : TimerCC32XX.oem4 (.text:TimerSupport_timerEnable)
                  20011578    00000040                      : TimerCC32XX.oem4 (.text:Timer_close)
                  200115b8    00000040                      : UARTCC32XX.oem4 (.text:UARTCC32XX_read)
                  200115f8    00000040                      : UART.oem4 (.text:UART_open)
                  20011638    0000003e     rtsv7M4_T_le_eabi.lib : _printfi.c.obj (.text:_fcpy)
                  20011676    00000002     nortos_cc32xx.a : startup_cc32xx_ccs.oem4 (.text:nmiISR)
                  20011678    0000003c                     : ClockPSysTick_nortos.oem4 (.text:ClockP_destruct)
                  200116b4    0000003c     drivers_cc32xx.a : PowerCC32XX.oem4 (.text:Power_setConstraint)
                  200116f0    0000003a     nortos_cc32xx.a : PowerCC32XX_nortos.oem4 (.text:getCountsRTC)
                  2001172a    00000002     rtsv7M4_T_le_eabi.lib : div0.asm.obj (.text)
                  2001172c    00000038     driverlib.a : prcm.obj (.text:PRCMLPDSEnterKeepDebugIf)
                  20011764    00000038     nortos_cc32xx.a : ClockPSysTick_nortos.oem4 (.text:addToList)
                  2001179c    00000038                     : startup_cc32xx_ccs.oem4 (.text:initVectors)
                  200117d4    00000038     drivers_cc32xx.a : PowerCC32XX.oem4 (.text:notify)
                  2001180c    00000038     rtsv7M4_T_le_eabi.lib : fs_toi_t2.asm.obj (.text)
                  20011844    00000038                           : i_tofs_t2.asm.obj (.text)
                  2001187c    00000036     driverlib.a : timer.obj (.text:TimerControlStall)
                  200118b2    00000036     drivers_cc32xx.a : Timer.oem4 (.text:Timer_stop)
                  200118e8    00000036                      : UARTCC32XX.oem4 (.text:UARTCC32XX_readCancel)
                  2001191e    00000002     --HOLE-- [fill = 0]
                  20011920    00000034     nortos_cc32xx.a : ClockPSysTick_nortos.oem4 (.text:ClockP_getTicksUntilInterrupt)
                  20011954    00000034                     : ClockPSysTick_nortos.oem4 (.text:ClockP_startup)
                  20011988    00000034     driverlib.a : pin.obj (.text:PinModeGet)
                  200119bc    00000034     drivers_cc32xx.a : PowerCC32XX.oem4 (.text:PowerCC32XX_restoreParkState)
                  200119f0    00000034                      : TimerCC32XX.oem4 (.text:TimerCC32XX_freeTimerResource)
                  20011a24    00000034                      : TimerCC32XX.oem4 (.text:TimerCC32XX_hwiIntFunction)
                  20011a58    00000034                      : TimerCC32XX.oem4 (.text:getPowerMgrId)
                  20011a8c    00000030     nortos_cc32xx.a : ClockPSysTick_nortos.oem4 (.text:ClockP_start)
                  20011abc    00000030     drivers_cc32xx.a : PowerCC32XX.oem4 (.text:PowerCC32XX_restoreParkedPin)
                  20011aec    00000030     rtsv7M4_T_le_eabi.lib : snprintf.c.obj (.text:_outs)
                  20011b1c    0000002e                           : i_tofd_t2.asm.obj (.text)
                  20011b4a    00000002     --HOLE-- [fill = 0]
                  20011b4c    0000002c     drivers_cc32xx.a : PowerCC32XX.oem4 (.text:PowerCC32XX_getParkState)
                  20011b78    0000002a     nortos_cc32xx.a : HwiPCC32XX_nortos.oem4 (.text:HwiP_create)
                  20011ba2    0000002a     driverlib.a : timer.obj (.text:TimerLoadSet)
                  20011bcc    0000002a                 : timer.obj (.text:TimerPrescaleSet)
                  20011bf6    00000028                 : i2c.obj (.text:I2CFIFODataPutNonBlocking)
                  20011c1e    00000002     --HOLE-- [fill = 0]
                  20011c20    00000028                 : prcm.obj (.text:PRCMPeripheralClkDisable)
                  20011c48    00000028     drivers_cc32xx.a : PowerCC32XX.oem4 (.text:Power_registerNotify)
                  20011c70    00000028     rtsv7M4_T_le_eabi.lib : memory.c.obj (.text:free_list_insert)
                  20011c98    00000026     driverlib.a : i2c.obj (.text:I2CFIFODataGetNonBlocking)
                  20011cbe    00000026     drivers_cc32xx.a : I2C.oem4 (.text:I2C_cancel)
                  20011ce4    00000026                      : List.oem4 (.text:List_put)
                  20011d0a    00000026                      : List.oem4 (.text:List_remove)
                  20011d30    00000024     nortos_cc32xx.a : HwiPCC32XX_nortos.oem4 (.text:HwiP_dispatch)
                  20011d54    00000024     drivers_cc32xx.a : PowerCC32XX.oem4 (.text:PowerCC32XX_reset)
                  20011d78    00000024                      : TimerCC32XX.oem4 (.text:TimerSupport_timerDisable)
                  20011d9c    00000024     rtsv7M4_T_le_eabi.lib : boot_cortex_m.c.obj (.text:_c_int00_noargs:_c_int00_noargs)
                  20011dc0    00000022     driverlib.a : i2c.obj (.text:I2CMasterSlaveAddrSet)
                  20011de2    00000020     nortos_cc32xx.a : HwiPCC32XX_nortos.oem4 (.text:HwiP_destruct)
                  20011e02    00000002     --HOLE-- [fill = 0]
                  20011e04    00000020     drivers_cc32xx.a : PowerCC32XX.oem4 (.text:Power_unregisterNotify)
                  20011e24    00000020                      : RingBuf.oem4 (.text:RingBuf_peek)
                  20011e44    00000020                      : UARTCC32XX.oem4 (.text:getPowerMgrId)
                  20011e64    0000001e     driverlib.a : i2c.obj (.text:I2CMasterIntStatusEx)
                  20011e82    0000001e     nortos_cc32xx.a : SemaphoreP_nortos.oem4 (.text:SemaphoreP_constructBinary)
                  20011ea0    0000001e     driverlib.a : timer.obj (.text:TimerDisable)
                  20011ebe    0000001e                 : timer.obj (.text:TimerEnable)
                  20011edc    0000001c                 : pin.obj (.text:PinToPadGet)
                  20011ef8    0000001c     nortos_cc32xx.a : SwiP_nortos.oem4 (.text:SwiP_disable)
                  20011f14    0000001c     rtsv7M4_T_le_eabi.lib : memory.c.obj (.text:free_list_remove)
                  20011f30    0000001c                           : memccpy.c.obj (.text:memccpy)
                  20011f4c    0000001a     nortos_cc32xx.a : ClockPSysTick_nortos.oem4 (.text:ClockP_create)
                  20011f66    0000001a                     : SemaphoreP_nortos.oem4 (.text:SemaphoreP_createBinary)
                  20011f80    0000001a                     : startup_cc32xx_ccs.oem4 (.text:resetISR)
                  20011f9a    00000018     driverlib.a : i2c.obj (.text:I2CMasterBusBusy)
                  20011fb2    00000018                 : i2c.obj (.text:I2CMasterIntDisableEx)
                  20011fca    00000018                 : i2c.obj (.text:I2CMasterIntEnableEx)
                  20011fe2    00000018                 : i2c.obj (.text:I2CRxFIFOFlush)
                  20011ffa    00000018                 : i2c.obj (.text:I2CTxFIFOFlush)
                  20012012    00000002     --HOLE-- [fill = 0]
                  20012014    00000018     drivers_cc32xx.a : PowerCC32XX.oem4 (.text:Power_getTransitionLatency)
                  2001202c    00000018                      : PowerCC32XX.oem4 (.text:Power_idleFunc)
                  20012044    00000018     driverlib.a : timer.obj (.text:TimerIntDisable)
                  2001205c    00000018                 : timer.obj (.text:TimerIntEnable)
                  20012074    00000018                 : uart.obj (.text:UARTBusy)
                  2001208c    00000018                 : uart.obj (.text:UARTIntEnable)
                  200120a4    00000018     drivers_cc32xx.a : UART.oem4 (.text:UART_Params_init)
                  200120bc    00000018     rtsv7M4_T_le_eabi.lib : snprintf.c.obj (.text:_outc)
                  200120d4    00000018     gpiointerrupt.obj (.text:gpioButtonFxn0)
                  200120ec    00000018     gpiointerrupt.obj (.text:gpioButtonFxn1)
                  20012104    00000018     rtsv7M4_T_le_eabi.lib : ll_mul_t2.asm.obj (.text)
                  2001211c    00000018     gpiointerrupt.obj (.text:timerCallback)
                  20012134    00000016     driverlib.a : i2c.obj (.text:I2CMasterBurstLengthSet)
                  2001214a    00000016                 : prcm.obj (.text:PRCMHIBRegRead)
                  20012160    00000016                 : prcm.obj (.text:PRCMHIBRegWrite)
                  20012176    00000016     nortos_cc32xx.a : SemaphoreP_nortos.oem4 (.text:SemaphoreP_create)
                  2001218c    00000016     rtsv7M4_T_le_eabi.lib : strchr.c.obj (.text:strchr)
                  200121a2    00000014     driverlib.a : cpu.obj (.text:CPUcpsid)
                  200121b6    00000002     --HOLE-- [fill = 0]
                  200121b8    00000014     nortos_cc32xx.a : HwiPCC32XX_nortos.oem4 (.text:HwiP_inISR)
                  200121cc    00000014     drivers_cc32xx.a : I2CCC32XX.oem4 (.text:I2CSupport_masterFinish)
                  200121e0    00000014                      : I2C.oem4 (.text:I2C_transfer)
                  200121f4    00000014     driverlib.a : interrupt.obj (.text:IntVTableBaseSet)
                  20012208    00000014     drivers_cc32xx.a : PowerCC32XX.oem4 (.text:Power_disablePolicy)
                  2001221c    00000014                      : PowerCC32XX.oem4 (.text:Power_getDependencyCount)
                  20012230    00000014                      : UARTCC32XX.oem4 (.text:releasePowerConstraint)
                  20012244    00000014     rtsv7M4_T_le_eabi.lib : strlen.c.obj (.text:strlen)
                  20012258    00000012     nortos_cc32xx.a : HwiPCC32XX_nortos.oem4 (.text:HwiP_Params_init)
                  2001226a    00000012     driverlib.a : i2c.obj (.text:I2CMasterIntClearEx)
                  2001227c    00000012     drivers_cc32xx.a : RingBuf.oem4 (.text:RingBuf_construct)
                  2001228e    00000012     driverlib.a : timer.obj (.text:TimerIntClear)
                  200122a0    00000012     main_nortos.obj (.text:main)
                  200122b2    00000012     rtsv7M4_T_le_eabi.lib : wcslen.c.obj (.text:wcslen)
                  200122c4    00000010     ti_drivers_config.obj (.text:Board_init)
                  200122d4    00000010     nortos_cc32xx.a : ClockPSysTick_nortos.oem4 (.text:ClockP_add)
                  200122e4    00000010                     : ClockPSysTick_nortos.oem4 (.text:ClockP_delete)
                  200122f4    00000010                     : ClockPSysTick_nortos.oem4 (.text:ClockP_getCpuFreq)
                  20012304    00000010                     : ClockPSysTick_nortos.oem4 (.text:ClockP_getSystemTicks)
                  20012314    00000010                     : ClockPSysTick_nortos.oem4 (.text:ClockP_setTicks)
                  20012324    00000010                     : HwiPCC32XX_nortos.oem4 (.text:HwiP_delete)
                  20012334    00000010                     : HwiPCC32XX_nortos.oem4 (.text:HwiP_restore)
                  20012344    00000010     driverlib.a : i2c.obj (.text:I2CFIFOStatus)
                  20012354    00000010     drivers_cc32xx.a : I2C.oem4 (.text:I2C_Params_init)
                  20012364    00000010                      : PowerCC32XX.oem4 (.text:Power_enablePolicy)
                  20012374    00000010     nortos_cc32xx.a : SemaphoreP_nortos.oem4 (.text:SemaphoreP_Params_init)
                  20012384    00000010     drivers_cc32xx.a : Timer.oem4 (.text:Timer_Params_init)
                  20012394    00000010                      : UARTCC32XX.oem4 (.text:readBlockingTimeout)
                  200123a4    0000000e     nortos_cc32xx.a : HwiPCC32XX_nortos.oem4 (.text:HwiP_clearInterrupt)
                  200123b2    0000000e                     : HwiPCC32XX_nortos.oem4 (.text:HwiP_disable)
                  200123c0    0000000e                     : HwiPCC32XX_nortos.oem4 (.text:HwiP_disableInterrupt)
                  200123ce    0000000e                     : HwiPCC32XX_nortos.oem4 (.text:HwiP_enable)
                  200123dc    0000000e                     : HwiPCC32XX_nortos.oem4 (.text:HwiP_enableInterrupt)
                  200123ea    0000000e     drivers_cc32xx.a : I2CCC32XX.oem4 (.text:I2CCC32XX_updateReg)
                  200123f8    0000000e                      : RingBuf.oem4 (.text:RingBuf_isFull)
                  20012406    0000000e     rtsv7M4_T_le_eabi.lib : copy_decompress_none.c.obj (.text:decompress:none:__TI_decompress_none)
                  20012414    0000000c     drivers_cc32xx.a : I2CCC32XX.oem4 (.text:I2CCC32XX_postNotify)
                  20012420    0000000c                      : PowerCC32XX.oem4 (.text:Power_getConstraintMask)
                  2001242c    0000000c     rtsv7M4_T_le_eabi.lib : s_copysign.c.obj (.text:copysign)
                  20012438    0000000c                           : copy_zero_init.c.obj (.text:decompress:ZI:__TI_zero_init)
                  20012444    0000000c     drivers_cc32xx.a : TimerCC32XX.oem4 (.text:postNotifyFxn)
                  20012450    0000000c                      : UARTCC32XX.oem4 (.text:postNotifyFxn)
                  2001245c    0000000a     nortos_cc32xx.a : ClockPSysTick_nortos.oem4 (.text:ClockP_Params_init)
                  20012466    0000000a                     : ClockPSysTick_nortos.oem4 (.text:ClockP_isActive)
                  20012470    0000000a     driverlib.a : interrupt.obj (.text:IntMasterDisable)
                  2001247a    0000000a     drivers_cc32xx.a : UART.oem4 (.text:UART_write)
                  20012484    00000008                      : I2CCC32XX.oem4 (.text:I2CCC32XX_blockingCallback)
                  2001248c    00000008     rtsv7M4_T_le_eabi.lib : errno.c.obj (.text:__aeabi_errno_addr)
                  20012494    00000008                           : memory.c.obj (.text:malloc)
                  2001249c    00000008     drivers_cc32xx.a : UARTCC32XX.oem4 (.text:readSemCallback)
                  200124a4    00000008                      : UARTCC32XX.oem4 (.text:writeSemCallback)
                  200124ac    00000006                      : I2CCC32XX.oem4 (.text:I2CSupport_powerRelConstraint)
                  200124b2    00000006                      : I2CCC32XX.oem4 (.text:I2CSupport_powerSetConstraint)
                  200124b8    00000006     driverlib.a : utils.obj (.text:UtilsDelay)
                  200124be    00000004     nortos_cc32xx.a : ClockPSysTick_nortos.oem4 (.text:ClockP_setTimeout)
                  200124c2    00000004                     : HwiPCC32XX_nortos.oem4 (.text:HwiP_post)
                  200124c6    00000004                     : SemaphoreP_nortos.oem4 (.text:SemaphoreP_delete)
                  200124ca    00000004     rtsv7M4_T_le_eabi.lib : pre_init.c.obj (.text:_system_pre_init)
                  200124ce    00000004                           : exit.c.obj (.text:abort:abort)

.const     0    20012a9c    00000502     
                  20012a9c    00000101     rtsv7M4_T_le_eabi.lib : ctype.c.obj (.const:.string:_ctypes_)
                  20012b9d    00000003     --HOLE-- [fill = 0]
                  20012ba0    00000100     driverlib.a : pin.obj (.const:g_ulPinToPadMap)
                  20012ca0    000000a8                 : prcm.obj (.const:PRCM_PeriphRegsList)
                  20012d48    00000044     ti_drivers_config.obj (.const:PowerCC32XX_config)
                  20012d8c    00000028     drivers_cc32xx.a : UARTCC32XX.oem4 (.const:UARTCC32XX_fxnTable)
                  20012db4    00000024                      : UART.oem4 (.const:UART_defaultParams)
                  20012dd8    00000024     ti_drivers_config.obj (.const:uartCC32XXHWAttrs0)
                  20012dfc    00000021     drivers_cc32xx.a : GPIOCC32XX.oem4 (.const:.string:pinTable)
                  20012e1d    00000003     --HOLE-- [fill = 0]
                  20012e20    00000020                      : UARTCC32XX.oem4 (.const:staticFxnTable)
                  20012e40    00000018     driverlib.a : interrupt.obj (.const:g_pulEnRegs)
                  20012e58    00000018                 : interrupt.obj (.const:g_pulPendRegs)
                  20012e70    00000018     gpiointerrupt.obj (.const:sensors)
                  20012e88    00000014     ti_drivers_config.obj (.const:GPIOCC32XX_config)
                  20012e9c    00000014     drivers_cc32xx.a : GPIOCC32XX.oem4 (.const:gpioBaseAddresses)
                  20012eb0    00000014     ti_drivers_config.obj (.const:i2cCC32XXHWAttrs)
                  20012ec4    00000014     drivers_cc32xx.a : UARTCC32XX.oem4 (.const:parityType)
                  20012ed8    00000014                      : GPIOCC32XX.oem4 (.const:powerResources)
                  20012eec    00000010                      : I2C.oem4 (.const:I2C_defaultParams)
                  20012efc    00000010                      : I2CCC32XX.oem4 (.const:I2C_defaultParams)
                  20012f0c    00000010                      : UARTCC32XX.oem4 (.const:dataLength)
                  20012f1c    00000010     ti_drivers_config.obj (.const:timerCC32XXHWAttrs)
                  20012f2c    0000000c     gpiointerrupt.obj (.const:.string)
                  20012f38    0000000c     ti_drivers_config.obj (.const:UART_config)
                  20012f44    0000000c     drivers_cc32xx.a : Timer.oem4 (.const:defaultParams)
                  20012f50    0000000c                      : TimerCC32XX.oem4 (.const:defaultParams)
                  20012f5c    00000009     ti_drivers_config.obj (.const)
                  20012f65    00000003     --HOLE-- [fill = 0]
                  20012f68    00000008     ti_drivers_config.obj (.const:I2C_config)
                  20012f70    00000008     ti_drivers_config.obj (.const:Timer_config)
                  20012f78    00000008     drivers_cc32xx.a : GPIOCC32XX.oem4 (.const:outPinTypes)
                  20012f80    00000008                      : UARTCC32XX.oem4 (.const:stopBits)
                  20012f88    00000006                      : GPIOCC32XX.oem4 (.const:.string:interruptType)
                  20012f8e    00000006                      : GPIOCC32XX.oem4 (.const:inPinTypes)
                  20012f94    00000006                      : GPIOCC32XX.oem4 (.const:outPinStrengths)
                  20012f9a    00000004                      : GPIOCC32XX.oem4 (.const:.string:portInterruptIds)

.cinit     0    200133c8    000000f0     
                  200133c8    000000cb     (.cinit..data.load) [load image, compression = lzss]
                  20013493    00000001     --HOLE-- [fill = 0]
                  20013494    0000000c     (__TI_handler_table)
                  200134a0    00000008     (.cinit..bss.load) [load image, compression = zero_init]
                  200134a8    00000010     (__TI_cinit_table)

.init_array 
*          0    20004000    00000000     UNINITIALIZED

.ramVecs   0    20000000    0000030c     NOLOAD SECTION
                  20000000    0000030c     nortos_cc32xx.a : startup_cc32xx_ccs.oem4 (.ramVecs)

.stack     0    20003000    00001000     UNINITIALIZED
                  20003000    00000004     rtsv7M4_T_le_eabi.lib : boot_cortex_m.c.obj (.stack)
                  20003004    00000ffc     --HOLE--

.resetVecs 
*          0    20004000    00000040     
                  20004000    00000040     nortos_cc32xx.a : startup_cc32xx_ccs.oem4 (.resetVecs:retain)

.sysmem    0    20004040    00008000     UNINITIALIZED
                  20004040    00000010     rtsv7M4_T_le_eabi.lib : memory.c.obj (.sysmem)
                  20004050    00007ff0     --HOLE--

.data      0    200124d4    000005c8     UNINITIALIZED
                  200124d4    0000030c     nortos_cc32xx.a : HwiPCC32XX_nortos.oem4 (.data:HwiP_dispatchTable)
                  200127e0    0000016c     drivers_cc32xx.a : PowerCC32XX.oem4 (.data:PowerCC32XX_module)
                  2001294c    000000f8     ti_drivers_config.obj (.data:parkInfo)
                  20012a44    0000000c     ti_drivers_config.obj (.data:gpioCallbackFunctions)
                  20012a50    0000000c     ti_drivers_config.obj (.data:gpioPinConfigs)
                  20012a5c    00000009     drivers_cc32xx.a : GPIOCC32XX.oem4 (.data)
                  20012a65    00000003     nortos_cc32xx.a : SemaphoreP_nortos.oem4 (.data)
                  20012a68    00000008     rtsv7M4_T_le_eabi.lib : _lock.c.obj (.data:$O1$$)
                  20012a70    00000008                           : memory.c.obj (.data:$O1$$)
                  20012a78    00000008     nortos_cc32xx.a : SemaphoreP_nortos.oem4 (.data:SemaphoreP_defaultParams)
                  20012a80    00000008                     : HwiPCC32XX_nortos.oem4 (.data)
                  20012a88    00000006     gpiointerrupt.obj (.data)
                  20012a8e    00000001     drivers_cc32xx.a : UART.oem4 (.data)
                  20012a8f    00000001     --HOLE--
                  20012a90    00000005     nortos_cc32xx.a : ClockPSysTick_nortos.oem4 (.data)
                  20012a95    00000003     --HOLE--
                  20012a98    00000004     rtsv7M4_T_le_eabi.lib : errno.c.obj (.data)

.bss       0    20012fa0    00000424     UNINITIALIZED
                  20012fa0    0000012c     (.common:PowerCC32XX_contextSave)
                  200130cc    000000fc     (.common:i2cCC32XXObjects)
                  200131c8    00000084     (.common:timerCC32XXObjects)
                  2001324c    00000084     (.common:uartCC32XXObjects0)
                  200132d0    00000040     (.common:output)
                  20013310    00000020     drivers_cc32xx.a : GPIOCC32XX.oem4 (.bss:gpioCallbackInfo)
                  20013330    00000020     ti_drivers_config.obj (.bss:uartCC32XXRingBuffer0)
                  20013350    00000020     (.common:i2cTransaction)
                  20013370    00000014     drivers_cc32xx.a : GPIOCC32XX.oem4 (.bss:powerNotifyObj)
                  20013384    00000004                      : GPIOCC32XX.oem4 (.bss)
                  20013388    00000010     (.common:ClockP_ctrl)
                  20013398    0000000d     nortos_cc32xx.a : SwiP_nortos.oem4 (.bss)
                  200133a5    00000003     --HOLE--
                  200133a8    00000004                     : ClockPSysTick_nortos.oem4 (.bss)
                  200133ac    00000004     drivers_cc32xx.a : TimerCC32XX.oem4 (.bss:timerState)
                  200133b0    00000004     (.common:i2c)
                  200133b4    00000004     (.common:rxBuffer)
                  200133b8    00000004     (.common:timer0)
                  200133bc    00000004     (.common:txBuffer)
                  200133c0    00000004     (.common:uart)

.log_data 
*          0    90000000    00000000     COPY SECTION

__llvm_prf_cnts 
*          0    20004000    00000000     UNINITIALIZED

MODULE SUMMARY

       Module                       code    ro data   rw data
       ------                       ----    -------   -------
    .\
       gpiointerrupt.obj            1516    36        122    
       main_nortos.obj              18      0         0      
    +--+----------------------------+-------+---------+---------+
       Total:                       1534    36        122    
                                                             
    .\syscfg\
       ti_drivers_config.obj        18      197       820    
    +--+----------------------------+-------+---------+---------+
       Total:                       18      197       820    
                                                             
    C:/ti/simplelink_cc32xx_sdk_5_10_00_02/kernel/nortos/lib/ccs/m4/nortos_cc32xx.a
       HwiPCC32XX_nortos.oem4       394     0         788    
       startup_cc32xx_ccs.oem4      90      64        780    
       ClockPSysTick_nortos.oem4    702     0         25     
       PowerCC32XX_nortos.oem4      472     0         0      
       SemaphoreP_nortos.oem4       410     0         11     
       SwiP_nortos.oem4             96      0         13     
    +--+----------------------------+-------+---------+---------+
       Total:                       2164    64        1617   
                                                             
    C:/ti/simplelink_cc32xx_sdk_5_10_00_02/source/ti/devices/cc32xx/driverlib/ccs/Release/driverlib.a
       prcm.obj                     1604    168       0      
       pin.obj                      280     256       0      
       interrupt.obj                334     48        0      
       i2c.obj                      318     0         0      
       timer.obj                    264     0         0      
       flash.obj                    72      0         0      
       uart.obj                     48      0         0      
       cpu.obj                      20      0         0      
       utils.obj                    6       0         0      
    +--+----------------------------+-------+---------+---------+
       Total:                       2946    472       0      
                                                             
    C:/ti/simplelink_cc32xx_sdk_5_10_00_02/source/ti/drivers/lib/ccs/m4/drivers_cc32xx.a
       UARTCC32XX.oem4              3466    116       0      
       PowerCC32XX.oem4             2432    0         664    
       I2CCC32XX.oem4               1452    16        0      
       GPIOCC32XX.oem4              1208    103       65     
       TimerCC32XX.oem4             876     12        4      
       I2C.oem4                     366     16        0      
       UART.oem4                    166     36        1      
       RingBuf.oem4                 198     0         0      
       Timer.oem4                   140     12        0      
       PowerCC32XX_asm.oem4         150     0         0      
       List.oem4                    76      0         0      
    +--+----------------------------+-------+---------+---------+
       Total:                       10530   311       734    
                                                             
    C:\ti\ccs1020\ccs\tools\compiler\ti-cgt-arm_20.2.2.LTS\lib\rtsv7M4_T_le_eabi.lib
       _printfi.c.obj               4835    0         0      
       memory.c.obj                 672     0         8      
       fd_add_t2.asm.obj            438     0         0      
       fd_div_t2.asm.obj            310     0         0      
       fd_cmp_t2.asm.obj            268     0         0      
       ctype.c.obj                  0       257       0      
       fd_mul_t2.asm.obj            252     0         0      
       s_scalbn.c.obj               208     0         0      
       memcpy_t2.asm.obj            156     0         0      
       ull_div_t2.asm.obj           150     0         0      
       snprintf.c.obj               148     0         0      
       fs_mul_t2.asm.obj            122     0         0      
       memset_t2.asm.obj            122     0         0      
       copy_decompress_lzss.c.obj   104     0         0      
       s_frexp.c.obj                92      0         0      
       _ltoa.c.obj                  84      0         0      
       atoi.c.obj                   76      0         0      
       fd_toi_t2.asm.obj            72      0         0      
       autoinit.c.obj               68      0         0      
       fs_toi_t2.asm.obj            56      0         0      
       i_tofs_t2.asm.obj            56      0         0      
       i_tofd_t2.asm.obj            46      0         0      
       boot_cortex_m.c.obj          36      0         0      
       memccpy.c.obj                28      0         0      
       ll_mul_t2.asm.obj            24      0         0      
       strchr.c.obj                 22      0         0      
       strlen.c.obj                 20      0         0      
       wcslen.c.obj                 18      0         0      
       copy_decompress_none.c.obj   14      0         0      
       copy_zero_init.c.obj         12      0         0      
       errno.c.obj                  8       0         4      
       s_copysign.c.obj             12      0         0      
       _lock.c.obj                  2       0         8      
       exit.c.obj                   4       0         0      
       pre_init.c.obj               4       0         0      
       div0.asm.obj                 2       0         0      
    +--+----------------------------+-------+---------+---------+
       Total:                       8541    257       20     
                                                             
       Heap:                        0       0         32768  
       Stack:                       0       0         4096   
       Linker Generated:            0       239       0      
    +--+----------------------------+-------+---------+---------+
       Grand Total:                 25733   1576      40177  


LINKER GENERATED COPY TABLES

__TI_cinit_table @ 200134a8 records: 2, size/record: 8, table size: 16
	.data: load addr=200133c8, load size=000000cb bytes, run addr=200124d4, run size=000005c8 bytes, compression=lzss
	.bss: load addr=200134a0, load size=00000008 bytes, run addr=20012fa0, run size=00000424 bytes, compression=zero_init


LINKER GENERATED HANDLER TABLE

__TI_handler_table @ 20013494 records: 3, size/record: 4, table size: 12
	index: 0, handler: __TI_decompress_lzss
	index: 1, handler: __TI_decompress_none
	index: 2, handler: __TI_zero_init


GLOBAL SYMBOLS: SORTED ALPHABETICALLY BY Name 

address   name                             
-------   ----                             
200122c5  Board_init                       
2000ca8f  Board_initHook                   
200124cf  C$$EXIT                          
20012f5c  CONFIG_GPIO_BUTTON_0_CONST       
20012f5d  CONFIG_GPIO_BUTTON_1_CONST       
20012f5e  CONFIG_GPIO_LED_0_CONST          
20012f5f  CONFIG_I2C_0_CONST               
20012f61  CONFIG_TIMER_0_CONST             
20012f63  CONFIG_UART_0_CONST              
200121a3  CPUcpsid                         
2001245d  ClockP_Params_init               
200122d5  ClockP_add                       
20011479  ClockP_construct                 
20011f4d  ClockP_create                    
20013388  ClockP_ctrl                      
200122e5  ClockP_delete                    
20011679  ClockP_destruct                  
20010d69  ClockP_doTick                    
200122f5  ClockP_getCpuFreq                
20012305  ClockP_getSystemTicks            
20011921  ClockP_getTicksUntilInterrupt    
20012467  ClockP_isActive                  
20012315  ClockP_setTicks                  
200124bf  ClockP_setTimeout                
20011a8d  ClockP_start                     
20011955  ClockP_startup                   
20011215  ClockP_stop                      
20010d69  ClockP_sysTickHandler            
20012a90  ClockP_tickPeriod                
20011021  FlashDisable                     
20012e88  GPIOCC32XX_config                
20010e59  GPIO_enableInt                   
2001045d  GPIO_hwiIntFxn                   
2000f0fd  GPIO_init                        
20010901  GPIO_setCallback                 
2000d5fd  GPIO_setConfig                   
20010a15  GPIO_write                       
20012259  HwiP_Params_init                 
200123a5  HwiP_clearInterrupt              
2000fe41  HwiP_construct                   
20011b79  HwiP_create                      
20012325  HwiP_delete                      
20011de3  HwiP_destruct                    
200123b3  HwiP_disable                     
200123c1  HwiP_disableInterrupt            
20011d31  HwiP_dispatch                    
200123cf  HwiP_enable                      
200123dd  HwiP_enableInterrupt             
200121b9  HwiP_inISR                       
20012a80  HwiP_key                         
200124c3  HwiP_post                        
20012335  HwiP_restore                     
20012a84  HwiP_swiPIntNum                  
20011c99  I2CFIFODataGetNonBlocking        
20011bf7  I2CFIFODataPutNonBlocking        
20012345  I2CFIFOStatus                    
20012135  I2CMasterBurstLengthSet          
20011f9b  I2CMasterBusBusy                 
2001226b  I2CMasterIntClearEx              
20011fb3  I2CMasterIntDisableEx            
20011fcb  I2CMasterIntEnableEx             
20011e65  I2CMasterIntStatusEx             
20011dc1  I2CMasterSlaveAddrSet            
20011fe3  I2CRxFIFOFlush                   
200121cd  I2CSupport_masterFinish          
200124ad  I2CSupport_powerRelConstraint    
200124b3  I2CSupport_powerSetConstraint    
2001069f  I2CSupport_primeTransfer         
20011ffb  I2CTxFIFOFlush                   
20012355  I2C_Params_init                  
20011cbf  I2C_cancel                       
20012f68  I2C_config                       
20012f60  I2C_count                        
20012eec  I2C_defaultParams                
2000db63  I2C_init                         
2000eb91  I2C_open                         
200121e1  I2C_transfer                     
2000e60f  I2C_transferTimeout              
UNDEFED   ITM_flush                        
UNDEFED   ITM_restore                      
2000f815  IntEnable                        
20012471  IntMasterDisable                 
2000fecd  IntPendSet                       
200121f5  IntVTableBaseSet                 
20012a8c  L_Button_Flag                    
20011ce5  List_put                         
20011d0b  List_remove                      
200123cf  NoRTOS_start                     
2000ca91  PRCMCC3200MCUInit                
2001214b  PRCMHIBRegRead                   
20012161  PRCMHIBRegWrite                  
20011069  PRCMLPDSEnter                    
2001172d  PRCMLPDSEnterKeepDebugIf         
20011259  PRCMLPDSRestoreInfoSet           
20011c21  PRCMPeripheralClkDisable         
200110b1  PRCMPeripheralClkEnable          
20010a6d  PRCMPeripheralReset              
200108a1  PRCMSysResetCauseGet             
2000ff55  PinConfigSet                     
20011989  PinModeGet                       
200114b9  PinModeSet                       
20011edd  PinToPadGet                      
20012d48  PowerCC32XX_config               
2000f8bd  PowerCC32XX_configureWakeup      
20012fa0  PowerCC32XX_contextSave          
2001129d  PowerCC32XX_enterLPDS            
20011b4d  PowerCC32XX_getParkState         
2000ee7b  PowerCC32XX_initPolicy           
200127e0  PowerCC32XX_module               
20010ef1  PowerCC32XX_parkPin              
20011d55  PowerCC32XX_reset                
200119bd  PowerCC32XX_restoreParkState     
20011abd  PowerCC32XX_restoreParkedPin     
20010c71  PowerCC32XX_resumeLPDS           
200107d9  PowerCC32XX_setParkState         
2000db65  PowerCC32XX_sleepPolicy          
20012209  Power_disablePolicy              
20012365  Power_enablePolicy               
20012421  Power_getConstraintMask          
2001221d  Power_getDependencyCount         
20012015  Power_getTransitionLatency       
2001202d  Power_idleFunc                   
200100e9  Power_init                       
20011c49  Power_registerNotify             
200110f9  Power_releaseConstraint          
20010ac5  Power_releaseDependency          
200116b5  Power_setConstraint              
200101f1  Power_setDependency              
2000e269  Power_sleep                      
20011e05  Power_unregisterNotify           
20012a8a  R_Button_Flag                    
2001227d  RingBuf_construct                
200114f9  RingBuf_get                      
200123f9  RingBuf_isFull                   
20011e25  RingBuf_peek                     
20011189  RingBuf_put                      
20012375  SemaphoreP_Params_init           
20010db9  SemaphoreP_construct             
20011e83  SemaphoreP_constructBinary       
20012177  SemaphoreP_create                
20011f67  SemaphoreP_createBinary          
20012a78  SemaphoreP_defaultParams         
200124c7  SemaphoreP_delete                
2000f0fb  SemaphoreP_destruct              
2000faa9  SemaphoreP_pend                  
200112e1  SemaphoreP_post                  
20011ef9  SwiP_disable                     
20011325  SwiP_restore                     
20010e09  TimerCC32XX_allocateTimerResource
200119f1  TimerCC32XX_freeTimerResource    
2001187d  TimerControlStall                
20011ea1  TimerDisable                     
20011ebf  TimerEnable                      
20012a88  TimerFlag                        
2001228f  TimerIntClear                    
20012045  TimerIntDisable                  
2001205d  TimerIntEnable                   
20011ba3  TimerLoadSet                     
20011bcd  TimerPrescaleSet                 
20011d79  TimerSupport_timerDisable        
20011539  TimerSupport_timerEnable         
20012385  Timer_Params_init                
20011579  Timer_close                      
20012f70  Timer_config                     
20012f62  Timer_count                      
2000f33b  Timer_init                       
2000e3a1  Timer_open                       
20011369  Timer_start                      
200118b3  Timer_stop                       
20012075  UARTBusy                         
2000e731  UARTCC32XX_close                 
2000ed89  UARTCC32XX_control               
20012d8c  UARTCC32XX_fxnTable              
2000fdaf  UARTCC32XX_init                  
2000cebd  UARTCC32XX_open                  
200115b9  UARTCC32XX_read                  
200118e9  UARTCC32XX_readCancel            
2000f281  UARTCC32XX_readPolling           
2000f031  UARTCC32XX_write                 
20010771  UARTCC32XX_writeCancel           
2001083d  UARTCC32XX_writePolling          
2001208d  UARTIntEnable                    
200120a5  UART_Params_init                 
20012f38  UART_config                      
20012f64  UART_count                       
20012db4  UART_defaultParams               
200113ad  UART_init                        
200115f9  UART_open                        
2001247b  UART_write                       
200124b9  UtilsDelay                       
20004000  __STACK_END                      
00001000  __STACK_SIZE                     
00008000  __SYSMEM_SIZE                    
200134a8  __TI_CINIT_Base                  
200134b8  __TI_CINIT_Limit                 
20013494  __TI_Handler_Table_Base          
200134a0  __TI_Handler_Table_Limit         
200113f1  __TI_auto_init_nobinit_nopinit   
20010709  __TI_decompress_lzss             
20012407  __TI_decompress_none             
20010b73  __TI_ltoa                        
ffffffff  __TI_pprof_out_hndl              
2000c041  __TI_printfi                     
ffffffff  __TI_prof_data_size              
ffffffff  __TI_prof_data_start             
200133c8  __TI_static_base__               
20012439  __TI_zero_init                   
2000ffdd  __aeabi_cdcmpeq                  
2000ffdd  __aeabi_cdcmple                  
20010063  __aeabi_cdrcmple                 
20011141  __aeabi_d2iz                     
2000d9b7  __aeabi_dadd                     
2000e4d9  __aeabi_ddiv                     
2000ec8d  __aeabi_dmul                     
2000d9ad  __aeabi_dsub                     
2001248d  __aeabi_errno_addr               
2001180d  __aeabi_f2iz                     
20010367  __aeabi_fmul                     
20011b1d  __aeabi_i2d                      
20011845  __aeabi_i2f                      
2001172b  __aeabi_idiv0                    
2001172b  __aeabi_ldiv0                    
20012105  __aeabi_lmul                     
200103e1  __aeabi_memclr                   
200103e1  __aeabi_memclr4                  
200103e1  __aeabi_memclr8                  
2000fbe5  __aeabi_memcpy                   
2000fbe5  __aeabi_memcpy4                  
2000fbe5  __aeabi_memcpy8                  
200103e3  __aeabi_memset                   
200103e3  __aeabi_memset4                  
200103e3  __aeabi_memset8                  
2000fd19  __aeabi_uldivmod                 
ffffffff  __binit__                        
ffffffff  __c_args__                       
UNDEFED   __mpu_init                       
20003000  __stack                          
20004000  __start___llvm_prf_cnts          
20004000  __stop___llvm_prf_cnts           
20011d9d  _c_int00_noargs                  
20012a9c  _ctypes_                         
20012a68  _lock                            
2001045b  _nop                             
20004040  _sys_memory                      
UNDEFED   _system_post_cinit               
200124cb  _system_pre_init                 
20012a6c  _unlock                          
200124cf  abort                            
2000ea91  aligned_alloc                    
20010f3d  atoi                             
ffffffff  binit                            
2001089f  clkFxn                           
2001242d  copysign                         
2001242d  copysignl                        
20012a98  errno                            
2000ee7d  free                             
2001095d  frexp                            
2001095d  frexpl                           
200120d5  gpioButtonFxn0                   
200120ed  gpioButtonFxn1                   
20012a44  gpioCallbackFunctions            
20012a50  gpioPinConfigs                   
200133b0  i2c                              
20012eb0  i2cCC32XXHWAttrs                 
200130cc  i2cCC32XXObjects                 
20013350  i2cTransaction                   
20012f8e  inPinTypes                       
2000d3ad  initI2C                          
20010bc9  initTimer                        
20011435  initUART                         
2001179d  initVectors                      
2000ef61  ldexp                            
2000ef61  ldexpl                           
200122a1  main                             
2000dd01  mainThread                       
20012495  malloc                           
2000ea91  memalign                         
20011f31  memccpy                          
2000fbe5  memcpy                           
200103e9  memset                           
20012f94  outPinStrengths                  
20012f78  outPinTypes                      
200132d0  output                           
2001294c  parkInfo                         
2000e971  readTemp                         
20011f81  resetISR                         
20011f94  resetVectorAddr                  
20004000  resetVectors                     
200133b4  rxBuffer                         
2000ef61  scalbn                           
2000ef61  scalbnl                          
20010fd5  snprintf                         
2001218d  strchr                           
20012245  strlen                           
200133b8  timer0                           
20012f1c  timerCC32XXHWAttrs               
200131c8  timerCC32XXObjects               
2001211d  timerCallback                    
200133bc  txBuffer                         
200133c0  uart                             
2001324c  uartCC32XXObjects0               
200122b3  wcslen                           


GLOBAL SYMBOLS: SORTED BY Symbol Address 

address   name                             
-------   ----                             
00001000  __STACK_SIZE                     
00008000  __SYSMEM_SIZE                    
20003000  __stack                          
20004000  __STACK_END                      
20004000  __start___llvm_prf_cnts          
20004000  __stop___llvm_prf_cnts           
20004000  resetVectors                     
20004040  _sys_memory                      
2000c041  __TI_printfi                     
2000ca8f  Board_initHook                   
2000ca91  PRCMCC3200MCUInit                
2000cebd  UARTCC32XX_open                  
2000d3ad  initI2C                          
2000d5fd  GPIO_setConfig                   
2000d9ad  __aeabi_dsub                     
2000d9b7  __aeabi_dadd                     
2000db63  I2C_init                         
2000db65  PowerCC32XX_sleepPolicy          
2000dd01  mainThread                       
2000e269  Power_sleep                      
2000e3a1  Timer_open                       
2000e4d9  __aeabi_ddiv                     
2000e60f  I2C_transferTimeout              
2000e731  UARTCC32XX_close                 
2000e971  readTemp                         
2000ea91  aligned_alloc                    
2000ea91  memalign                         
2000eb91  I2C_open                         
2000ec8d  __aeabi_dmul                     
2000ed89  UARTCC32XX_control               
2000ee7b  PowerCC32XX_initPolicy           
2000ee7d  free                             
2000ef61  ldexp                            
2000ef61  ldexpl                           
2000ef61  scalbn                           
2000ef61  scalbnl                          
2000f031  UARTCC32XX_write                 
2000f0fb  SemaphoreP_destruct              
2000f0fd  GPIO_init                        
2000f281  UARTCC32XX_readPolling           
2000f33b  Timer_init                       
2000f815  IntEnable                        
2000f8bd  PowerCC32XX_configureWakeup      
2000faa9  SemaphoreP_pend                  
2000fbe5  __aeabi_memcpy                   
2000fbe5  __aeabi_memcpy4                  
2000fbe5  __aeabi_memcpy8                  
2000fbe5  memcpy                           
2000fd19  __aeabi_uldivmod                 
2000fdaf  UARTCC32XX_init                  
2000fe41  HwiP_construct                   
2000fecd  IntPendSet                       
2000ff55  PinConfigSet                     
2000ffdd  __aeabi_cdcmpeq                  
2000ffdd  __aeabi_cdcmple                  
20010063  __aeabi_cdrcmple                 
200100e9  Power_init                       
200101f1  Power_setDependency              
20010367  __aeabi_fmul                     
200103e1  __aeabi_memclr                   
200103e1  __aeabi_memclr4                  
200103e1  __aeabi_memclr8                  
200103e3  __aeabi_memset                   
200103e3  __aeabi_memset4                  
200103e3  __aeabi_memset8                  
200103e9  memset                           
2001045b  _nop                             
2001045d  GPIO_hwiIntFxn                   
2001069f  I2CSupport_primeTransfer         
20010709  __TI_decompress_lzss             
20010771  UARTCC32XX_writeCancel           
200107d9  PowerCC32XX_setParkState         
2001083d  UARTCC32XX_writePolling          
2001089f  clkFxn                           
200108a1  PRCMSysResetCauseGet             
20010901  GPIO_setCallback                 
2001095d  frexp                            
2001095d  frexpl                           
20010a15  GPIO_write                       
20010a6d  PRCMPeripheralReset              
20010ac5  Power_releaseDependency          
20010b73  __TI_ltoa                        
20010bc9  initTimer                        
20010c71  PowerCC32XX_resumeLPDS           
20010d69  ClockP_doTick                    
20010d69  ClockP_sysTickHandler            
20010db9  SemaphoreP_construct             
20010e09  TimerCC32XX_allocateTimerResource
20010e59  GPIO_enableInt                   
20010ef1  PowerCC32XX_parkPin              
20010f3d  atoi                             
20010fd5  snprintf                         
20011021  FlashDisable                     
20011069  PRCMLPDSEnter                    
200110b1  PRCMPeripheralClkEnable          
200110f9  Power_releaseConstraint          
20011141  __aeabi_d2iz                     
20011189  RingBuf_put                      
20011215  ClockP_stop                      
20011259  PRCMLPDSRestoreInfoSet           
2001129d  PowerCC32XX_enterLPDS            
200112e1  SemaphoreP_post                  
20011325  SwiP_restore                     
20011369  Timer_start                      
200113ad  UART_init                        
200113f1  __TI_auto_init_nobinit_nopinit   
20011435  initUART                         
20011479  ClockP_construct                 
200114b9  PinModeSet                       
200114f9  RingBuf_get                      
20011539  TimerSupport_timerEnable         
20011579  Timer_close                      
200115b9  UARTCC32XX_read                  
200115f9  UART_open                        
20011679  ClockP_destruct                  
200116b5  Power_setConstraint              
2001172b  __aeabi_idiv0                    
2001172b  __aeabi_ldiv0                    
2001172d  PRCMLPDSEnterKeepDebugIf         
2001179d  initVectors                      
2001180d  __aeabi_f2iz                     
20011845  __aeabi_i2f                      
2001187d  TimerControlStall                
200118b3  Timer_stop                       
200118e9  UARTCC32XX_readCancel            
20011921  ClockP_getTicksUntilInterrupt    
20011955  ClockP_startup                   
20011989  PinModeGet                       
200119bd  PowerCC32XX_restoreParkState     
200119f1  TimerCC32XX_freeTimerResource    
20011a8d  ClockP_start                     
20011abd  PowerCC32XX_restoreParkedPin     
20011b1d  __aeabi_i2d                      
20011b4d  PowerCC32XX_getParkState         
20011b79  HwiP_create                      
20011ba3  TimerLoadSet                     
20011bcd  TimerPrescaleSet                 
20011bf7  I2CFIFODataPutNonBlocking        
20011c21  PRCMPeripheralClkDisable         
20011c49  Power_registerNotify             
20011c99  I2CFIFODataGetNonBlocking        
20011cbf  I2C_cancel                       
20011ce5  List_put                         
20011d0b  List_remove                      
20011d31  HwiP_dispatch                    
20011d55  PowerCC32XX_reset                
20011d79  TimerSupport_timerDisable        
20011d9d  _c_int00_noargs                  
20011dc1  I2CMasterSlaveAddrSet            
20011de3  HwiP_destruct                    
20011e05  Power_unregisterNotify           
20011e25  RingBuf_peek                     
20011e65  I2CMasterIntStatusEx             
20011e83  SemaphoreP_constructBinary       
20011ea1  TimerDisable                     
20011ebf  TimerEnable                      
20011edd  PinToPadGet                      
20011ef9  SwiP_disable                     
20011f31  memccpy                          
20011f4d  ClockP_create                    
20011f67  SemaphoreP_createBinary          
20011f81  resetISR                         
20011f94  resetVectorAddr                  
20011f9b  I2CMasterBusBusy                 
20011fb3  I2CMasterIntDisableEx            
20011fcb  I2CMasterIntEnableEx             
20011fe3  I2CRxFIFOFlush                   
20011ffb  I2CTxFIFOFlush                   
20012015  Power_getTransitionLatency       
2001202d  Power_idleFunc                   
20012045  TimerIntDisable                  
2001205d  TimerIntEnable                   
20012075  UARTBusy                         
2001208d  UARTIntEnable                    
200120a5  UART_Params_init                 
200120d5  gpioButtonFxn0                   
200120ed  gpioButtonFxn1                   
20012105  __aeabi_lmul                     
2001211d  timerCallback                    
20012135  I2CMasterBurstLengthSet          
2001214b  PRCMHIBRegRead                   
20012161  PRCMHIBRegWrite                  
20012177  SemaphoreP_create                
2001218d  strchr                           
200121a3  CPUcpsid                         
200121b9  HwiP_inISR                       
200121cd  I2CSupport_masterFinish          
200121e1  I2C_transfer                     
200121f5  IntVTableBaseSet                 
20012209  Power_disablePolicy              
2001221d  Power_getDependencyCount         
20012245  strlen                           
20012259  HwiP_Params_init                 
2001226b  I2CMasterIntClearEx              
2001227d  RingBuf_construct                
2001228f  TimerIntClear                    
200122a1  main                             
200122b3  wcslen                           
200122c5  Board_init                       
200122d5  ClockP_add                       
200122e5  ClockP_delete                    
200122f5  ClockP_getCpuFreq                
20012305  ClockP_getSystemTicks            
20012315  ClockP_setTicks                  
20012325  HwiP_delete                      
20012335  HwiP_restore                     
20012345  I2CFIFOStatus                    
20012355  I2C_Params_init                  
20012365  Power_enablePolicy               
20012375  SemaphoreP_Params_init           
20012385  Timer_Params_init                
200123a5  HwiP_clearInterrupt              
200123b3  HwiP_disable                     
200123c1  HwiP_disableInterrupt            
200123cf  HwiP_enable                      
200123cf  NoRTOS_start                     
200123dd  HwiP_enableInterrupt             
200123f9  RingBuf_isFull                   
20012407  __TI_decompress_none             
20012421  Power_getConstraintMask          
2001242d  copysign                         
2001242d  copysignl                        
20012439  __TI_zero_init                   
2001245d  ClockP_Params_init               
20012467  ClockP_isActive                  
20012471  IntMasterDisable                 
2001247b  UART_write                       
2001248d  __aeabi_errno_addr               
20012495  malloc                           
200124ad  I2CSupport_powerRelConstraint    
200124b3  I2CSupport_powerSetConstraint    
200124b9  UtilsDelay                       
200124bf  ClockP_setTimeout                
200124c3  HwiP_post                        
200124c7  SemaphoreP_delete                
200124cb  _system_pre_init                 
200124cf  C$$EXIT                          
200124cf  abort                            
200127e0  PowerCC32XX_module               
2001294c  parkInfo                         
20012a44  gpioCallbackFunctions            
20012a50  gpioPinConfigs                   
20012a68  _lock                            
20012a6c  _unlock                          
20012a78  SemaphoreP_defaultParams         
20012a80  HwiP_key                         
20012a84  HwiP_swiPIntNum                  
20012a88  TimerFlag                        
20012a8a  R_Button_Flag                    
20012a8c  L_Button_Flag                    
20012a90  ClockP_tickPeriod                
20012a98  errno                            
20012a9c  _ctypes_                         
20012d48  PowerCC32XX_config               
20012d8c  UARTCC32XX_fxnTable              
20012db4  UART_defaultParams               
20012e88  GPIOCC32XX_config                
20012eb0  i2cCC32XXHWAttrs                 
20012eec  I2C_defaultParams                
20012f1c  timerCC32XXHWAttrs               
20012f38  UART_config                      
20012f5c  CONFIG_GPIO_BUTTON_0_CONST       
20012f5d  CONFIG_GPIO_BUTTON_1_CONST       
20012f5e  CONFIG_GPIO_LED_0_CONST          
20012f5f  CONFIG_I2C_0_CONST               
20012f60  I2C_count                        
20012f61  CONFIG_TIMER_0_CONST             
20012f62  Timer_count                      
20012f63  CONFIG_UART_0_CONST              
20012f64  UART_count                       
20012f68  I2C_config                       
20012f70  Timer_config                     
20012f78  outPinTypes                      
20012f8e  inPinTypes                       
20012f94  outPinStrengths                  
20012fa0  PowerCC32XX_contextSave          
200130cc  i2cCC32XXObjects                 
200131c8  timerCC32XXObjects               
2001324c  uartCC32XXObjects0               
200132d0  output                           
20013350  i2cTransaction                   
20013388  ClockP_ctrl                      
200133b0  i2c                              
200133b4  rxBuffer                         
200133b8  timer0                           
200133bc  txBuffer                         
200133c0  uart                             
200133c8  __TI_static_base__               
20013494  __TI_Handler_Table_Base          
200134a0  __TI_Handler_Table_Limit         
200134a8  __TI_CINIT_Base                  
200134b8  __TI_CINIT_Limit                 
ffffffff  __TI_pprof_out_hndl              
ffffffff  __TI_prof_data_size              
ffffffff  __TI_prof_data_start             
ffffffff  __binit__                        
ffffffff  __c_args__                       
ffffffff  binit                            
UNDEFED   ITM_flush                        
UNDEFED   ITM_restore                      
UNDEFED   __mpu_init                       
UNDEFED   _system_post_cinit               

[302 symbols]
